⚠ [1231/1248] Replayed CanonicalRoots.DecimalCodec
warning: CanonicalRoots/DecimalCodec.lean:27:29: `if_pos` has been deprecated: Use `ite_eq_left` instead
⚠ [1232/1248] Replayed CanonicalRoots.JsonCodecBasic
warning: CanonicalRoots/JsonCodecBasic.lean:29:29: This simp argument is unused:
  List.toList_toArray

Hint: Omit it from the simp argument list.
  [apply] simp only [decodeJsonList]

Note: This linter can be disabled with `set_option linter.unusedSimpArgs false`
✔ [1237/2460] Built Aesop.Script.Tactic:c.o (309ms)
✔ [1238/2460] Built Aesop.Script.GoalWithMVars:c.o (309ms)
✔ [1239/2460] Built Aesop.Nanos:c.o (315ms)
✔ [1240/2460] Built Aesop.Index.DiscrTreeConfig:c.o (309ms)
✔ [1241/2460] Built Batteries.Data.Array.Merge:c.o (364ms)
✔ [1242/2460] Built Aesop.Util.UnorderedArraySet:c.o (388ms)
✔ [1243/2460] Built Batteries.Lean.MonadBacktrack:c.o (123ms)
✔ [1244/2460] Built Aesop.Script.TacticState:c.o (452ms)
✔ [1245/2460] Built Batteries.Tactic.PermuteGoals:c.o (194ms)
✔ [1246/2460] Built Batteries.Lean.Meta.Basic:c.o (651ms)
✔ [1247/2460] Built Batteries.Lean.Meta.SavedState:c.o (267ms)
✔ [1248/2460] Built Aesop.Script.Util:c.o (166ms)
✔ [1249/2460] Built Aesop.Script.UScript:c.o (262ms)
✔ [1250/2460] Built Aesop.Check:c.o (256ms)
✔ [1251/2460] Built Aesop.Script.Check:c.o (209ms)
✔ [1252/2460] Built Aesop.Rule.Name:c.o (351ms)
✔ [1253/2460] Built Aesop.Options.Public:c.o (253ms)
✔ [1254/2460] Built Aesop.Options.Internal:c.o (158ms)
✔ [1255/2460] Built Aesop.Tracing:c.o (865ms)
✔ [1256/2460] Built Aesop.Script.OptimizeSyntax:c.o (359ms)
✔ [1257/2460] Built Aesop.Script.SScript:c.o (261ms)
✔ [1258/2460] Built Aesop.Script.Step:c.o (828ms)
✔ [1259/2460] Built Aesop.Forward.LevelIndex:c.o (129ms)
✔ [1260/2460] Built Aesop.Forward.PremiseIndex:c.o (150ms)
✔ [1261/2460] Built Aesop.Util.Basic:c.o (1.6s)
✔ [1262/2460] Built Aesop.Stats.Basic:c.o (940ms)
✔ [1263/2460] Built Aesop.Script.Main:c.o (491ms)
✔ [1264/2460] Built Aesop.Index.Basic:c.o (324ms)
✔ [1265/2460] Built Aesop.RulePattern.Cache:c.o (90ms)
✔ [1266/2460] Built Aesop.Script.StructureStatic:c.o (727ms)
✔ [1267/2460] Built Aesop.Percent:c.o (142ms)
✔ [1268/2460] Built Main (1.9s)
✔ [1269/2460] Built Aesop.Forward.Substitution:c.o (647ms)
✔ [1270/2460] Built Aesop.BaseM:c.o (222ms)
✔ [1271/2460] Built Aesop.Forward.SlotIndex:c.o (115ms)
✔ [1272/2460] Built Aesop.Script.UScriptToSScript:c.o (1.1s)
✔ [1273/2460] Built Aesop.Script.StructureDynamic:c.o (1.3s)
✔ [1274/2460] Built Aesop.RuleTac.Basic:c.o (402ms)
✔ [1275/2460] Built Aesop.Util.UnionFind:c.o (265ms)
✔ [1276/2460] Built Batteries.Tactic.Unreachable:c.o (173ms)
✔ [1277/2460] Built Batteries.Lean.TagAttribute:c.o (151ms)
✔ [1278/2460] Built Batteries.Linter:c.o (134ms)
✔ [1279/2460] Built Batteries.CodeAction.Deprecated:c.o (540ms)
✔ [1280/2460] Built Batteries.Lean.AttributeExtra:c.o (301ms)
✔ [1281/2460] Built Batteries.Tactic.Init:c.o (376ms)
✔ [1282/2460] Built Batteries.Linter.UnreachableTactic:c.o (676ms)
✔ [1283/2460] Built Batteries.Tactic.SeqFocus:c.o (458ms)
✔ [1284/2460] Built Aesop.Util.EqualUpToIds:c.o (2.5s)
✔ [1285/2460] Built Batteries.Linter.UnnecessarySeqFocus:c.o (704ms)
✔ [1286/2460] Built Batteries.Lean.Syntax:c.o (134ms)
✔ [1287/2460] Built Aesop.RulePattern:c.o (1.1s)
✔ [1288/2460] Built Batteries.Tactic.Basic:c.o (138ms)
✔ [1289/2460] Built Batteries.Classes.Order:c.o (124ms)
✔ [1290/2460] Built Batteries.Data.UInt:c.o (104ms)
✔ [1291/2460] Built Aesop.RuleTac.GoalDiff:c.o (1.3s)
✔ [1292/2460] Built Batteries.Tactic.Lint.Misc:c.o (590ms)
✔ [1293/2460] Built Aesop.RuleTac.RuleTerm:c.o (169ms)
✔ [1294/2460] Built Aesop.Rule.Forward:c.o (169ms)
✔ [1295/2460] Built Aesop.Forward.Match.Types:c.o (256ms)
✔ [1296/2460] Built Batteries.Tactic.Lint.Basic:c.o (823ms)
✔ [1297/2460] Built Aesop.RuleTac.Descr:c.o (145ms)
✔ [1298/2460] Built Aesop.Rule.Basic:c.o (147ms)
✔ [1299/2460] Built Aesop.Rule:c.o (199ms)
✔ [1300/2460] Built Aesop.Script.CtorNames:c.o (384ms)
✔ [1301/2460] Built Aesop.ElabM:c.o (174ms)
✔ [1302/2460] Built Aesop.Script.ScriptM:c.o (174ms)
✔ [1303/2460] Built Aesop.Util.Tactic:c.o (149ms)
✔ [1304/2460] Built Batteries.Data.Array.Basic:c.o (768ms)
✔ [1305/2460] Built Aesop.RuleTac.ElabRuleTerm:c.o (442ms)
✔ [1306/2460] Built Batteries.Lean.Meta.Inaccessible:c.o (301ms)
✔ [1307/2460] Built Batteries.Tactic.Alias:c.o (2.0s)
✔ [1308/2460] Built Aesop.Util.Tactic.Ext:c.o (677ms)
✔ [1309/2460] Built Aesop.Util.Unfold:c.o (526ms)
✔ [1310/2460] Built Batteries.Lean.Meta.UnusedNames:c.o (309ms)
✔ [1311/2460] Built Aesop.Constants:c.o (109ms)
✔ [1312/2460] Built Aesop.Util.Tactic.Unfold:c.o (688ms)
✔ [1313/2460] Built Aesop.RuleTac.Forward.Basic:c.o (578ms)
✔ [1314/2460] Built Aesop.Tree.Data.ForwardRuleMatches:c.o (417ms)
✔ [1315/2460] Built Aesop.Tree.UnsafeQueue:c.o (339ms)
✔ [1316/2460] Built Aesop.Search.Queue.Class:c.o (127ms)
✔ [1317/2460] Built Aesop.Forward.RuleInfo:c.o (1.4s)
✔ [1318/2460] Built Batteries.Lean.Meta.Expr:c.o (106ms)
✔ [1319/2460] Built Aesop.Util.OrderedHashSet:c.o (190ms)
✔ [1320/2460] Built Batteries.Lean.PersistentHashMap:c.o (155ms)
✔ [1321/2460] Built Batteries.Lean.Meta.DiscrTree:c.o (194ms)
✔ [1322/2460] Built Batteries.Lean.Meta.InstantiateMVars:c.o (222ms)
✔ [1323/2460] Built Batteries.Lean.PersistentHashSet:c.o (264ms)
✔ [1324/2460] Built Aesop.RuleSet.Name:c.o (132ms)
✔ [1325/2460] Built Aesop.EMap:c.o (947ms)
✔ [1326/2460] Built Aesop.Tree.Data:c.o (958ms)
✔ [1327/2460] Built Aesop.RuleSet.Filter:c.o (186ms)
✔ [1328/2460] Built Aesop.RuleSet.Member:c.o (172ms)
✔ [1329/2460] Built Aesop.Forward.Match:c.o (1.6s)
✔ [1330/2460] Built Aesop.Script.SpecificTactics:c.o (1.0s)
✔ [1331/2460] Built Aesop.Index.RulePattern:c.o (1.1s)
✔ [1332/2460] Built Aesop.Index.Forward:c.o (806ms)
✔ [1333/2460] Built Aesop.Forward.State.Initial:c.o (451ms)
✔ [1334/2460] Built Batteries.Util.ProofWanted:c.o (2.8s)
✔ [1335/2460] Built Aesop.Tree.TreeM:c.o (604ms)
✔ [1336/2460] Built Aesop.Search.SearchM:c.o (385ms)
✔ [1337/2460] Built Aesop.Tree.RunMetaM:c.o (260ms)
✔ [1338/2460] Built Aesop.Tree.Traversal:c.o (234ms)
✔ [1339/2460] Built Batteries.Lean.HashSet:c.o (209ms)
✔ [1340/2460] Built Aesop.Index:c.o (1.4s)
✔ [1341/2460] Built Aesop.RuleTac.Preprocess:c.o (125ms)
✔ [1342/2460] Built Aesop.Forward.State.ApplyGoalDiff:c.o (436ms)
✔ [1343/2460] Built Aesop.RuleTac.Apply:c.o (403ms)
✔ [1344/2460] Built Aesop.RuleTac:c.o (146ms)
✔ [1345/2460] Built Aesop.Search.Expansion.Basic:c.o (233ms)
✔ [1346/2460] Built Aesop.Tree.State:c.o (611ms)
✔ [1347/2460] Built Aesop.RuleTac.Tactic:c.o (470ms)
✔ [1348/2460] Built Aesop.RuleTac.Cases:c.o (584ms)
✔ [1349/2460] Built Aesop.Forward.State.UpdateGoal:c.o (240ms)
✔ [1350/2460] Built Aesop.Exception:c.o (163ms)
✔ [1351/2460] Built Aesop.Search.Expansion.Simp:c.o (516ms)
✔ [1352/2460] Built Aesop.Search.RuleSelection:c.o (462ms)
✔ [1353/2460] Built Aesop.Search.ExpandSafePrefix:c.o (463ms)
✔ [1354/2460] Built Aesop.RuleTac.Forward:c.o (1.7s)
✔ [1355/2460] Built Aesop.Tree.ExtractScript:c.o (1.0s)
✔ [1356/2460] Built Aesop.Frontend.Extension.Init:c.o (112ms)
✔ [1357/2460] Built Aesop.Tree.ExtractProof:c.o (1.2s)
✔ [1358/2460] Built Batteries.Control.ForInStep.Basic:c.o (148ms)
✔ [1359/2460] Built Aesop.Tree.AddRapp:c.o (1.9s)
✔ [1360/2460] Built Aesop.Search.Queue:c.o (213ms)
✔ [1361/2460] Built Aesop.Tree.Check:c.o (1.5s)
✔ [1362/2460] Built Aesop.Tree.Free:c.o (172ms)
✔ [1363/2460] Built Aesop.Search.Expansion:c.o (2.0s)
✔ [1364/2460] Built Aesop.Frontend.Extension:c.o (744ms)
✔ [1365/2460] Built Aesop.Tree.Stats:c.o (312ms)
✔ [1366/2460] Built Aesop.Builder.Basic:c.o (287ms)
✔ [1367/2460] Built Batteries.Data.BinomialHeap.Basic:c.o (829ms)
✔ [1368/2460] Built Aesop.Builder.Cases:c.o (273ms)
✔ [1369/2460] Built Aesop.Tree.Tracing:c.o (1.7s)
✔ [1370/2460] Built Batteries.Lean.Expr:c.o (332ms)
✔ [1371/2460] Built Aesop.Builder.Constructors:c.o (324ms)
✔ [1372/2460] Built Aesop.Builder.NormSimp:c.o (456ms)
✔ [1373/2460] Built Aesop.Builder.Tactic:c.o (374ms)
✔ [1374/2460] Built Aesop.Builder.Apply:c.o (327ms)
✔ [1375/2460] Built Aesop.Builder.Default:c.o (247ms)
✔ [1376/2460] Built Aesop.Builder.Unfold:c.o (316ms)
✔ [1377/2460] Built Aesop.Stats.Extension:c.o (177ms)
✔ [1378/2460] Built Aesop.Stats.File:c.o (229ms)
✔ [1379/2460] Built Aesop.Frontend.Basic:c.o (162ms)
✔ [1380/2460] Built Aesop.Search.Expansion.Norm:c.o (3.3s)
✔ [1381/2460] Built Aesop.Main:c.o (705ms)
✔ [1382/2460] Built Aesop.Frontend.Attribute:c.o (680ms)
✔ [1383/2460] Built Aesop.Stats.Report:c.o (580ms)
✔ [1384/2460] Built Aesop.Builder.Forward:c.o (1.3s)
✔ [1385/2460] Built Aesop.Frontend.Tactic:c.o (1.1s)
✔ [1386/2460] Built Aesop.Frontend:c.o (117ms)
✔ [1387/2460] Built Aesop.Search.Main:c.o (2.3s)
✔ [1388/2460] Built Aesop.BuiltinRules.ApplyHyps:c.o (412ms)
✔ [1389/2460] Built Aesop.RuleSet:c.o (5.4s)
✔ [1390/2460] Built Aesop.Frontend.Saturate:c.o (793ms)
✔ [1391/2460] Built Aesop.BuiltinRules.DestructProducts:c.o (540ms)
✔ [1392/2460] Built Aesop.BuiltinRules.Assumption:c.o (739ms)
✔ [1393/2460] Built Aesop.BuiltinRules.Ext:c.o (315ms)
✔ [1394/2460] Built Aesop.BuiltinRules.Intros:c.o (303ms)
✔ [1395/2460] Built Aesop.BuiltinRules.Rfl:c.o (105ms)
✔ [1396/2460] Built Aesop.BuiltinRules:c.o (115ms)
✔ [1397/2460] Built Aesop:c.o (104ms)
✔ [1398/2460] Built Batteries.Logic:c.o (102ms)
✔ [1399/2460] Built Aesop.Frontend.RuleExpr:c.o (2.0s)
✔ [1400/2460] Built Aesop.BuiltinRules.Split:c.o (347ms)
✔ [1401/2460] Built Mathlib.Lean.Linter:c.o (106ms)
✔ [1402/2460] Built Aesop.Forward.State:c.o (6.8s)
✔ [1403/2460] Built Mathlib.Tactic.Lemma:c.o (147ms)
✔ [1404/2460] Built Aesop.BuiltinRules.Subst:c.o (495ms)
✔ [1405/2460] Built Mathlib.Tactic.AdaptationNote:c.o (277ms)
✔ [1406/2460] Built Aesop.Frontend.Command:c.o (1.8s)
✔ [1407/2460] Built Mathlib.Tactic.Linter.AuxLemma:c.o (335ms)
✔ [1408/2460] Built Mathlib.Tactic.Linter.DocPrime:c.o (376ms)
✔ [1409/2460] Built Mathlib.Tactic.Linter.GlobalAttributeIn:c.o (305ms)
✔ [1410/2460] Built Mathlib.Tactic.Linter.DirectoryDependency:c.o (762ms)
✔ [1411/2460] Built Mathlib.Tactic.Linter.DeprecatedSyntaxLinter:c.o (596ms)
✔ [1412/2460] Built Mathlib.Tactic.Linter.HaveILetI:c.o (262ms)
✔ [1413/2460] Built Mathlib.Tactic.Linter.OldObtain:c.o (238ms)
✔ [1414/2460] Built Batteries.Lean.Position:c.o (213ms)
✔ [1415/2460] Built Mathlib.Tactic.Linter.Header:c.o (1.1s)
✔ [1416/2460] Built Mathlib.Tactic.Linter.EmptyLine:c.o (778ms)
✔ [1417/2460] Built Mathlib.Tactic.Linter.HashCommandLinter:c.o (554ms)
✔ [1418/2460] Built Mathlib.Tactic.Linter.InternalConstructor:c.o (408ms)
✔ [1419/2460] Built Mathlib.Lean.Environment:c.o (145ms)
✔ [1420/2460] Built Mathlib.Tactic.Linter.Multigoal:c.o (611ms)
✔ [1421/2460] Built Mathlib.Lean.Elab.InfoTree:c.o (420ms)
✔ [1422/2460] Built Mathlib.Tactic.Linter.TacticDocumentation:c.o (232ms)
✔ [1423/2460] Built Mathlib.Tactic.Linter.DocString:c.o (1.2s)
✔ [1424/2460] Built Mathlib.Tactic.Linter.PrivateModule:c.o (438ms)
✔ [1425/2460] Built Mathlib.Tactic.DeclarationNames:c.o (173ms)
✔ [1426/2460] Built Mathlib.Tactic.Linter.UnusedTacticExtension:c.o (466ms)
✔ [1427/2460] Built Mathlib.Lean.Elab.Tactic.Meta:c.o (413ms)
✔ [1428/2460] Built Aesop.Saturate:c.o (3.2s)
✔ [1429/2460] Built Mathlib.Tactic.Linter.UnusedInstancesInType:c.o (1.2s)
✔ [1430/2460] Built Mathlib.Tactic.Linter.UnusedTactic:c.o (951ms)
✔ [1431/2460] Built Mathlib.Lean.ContextInfo:c.o (542ms)
✔ [1432/2460] Built ImportGraph.Imports.Redundant:c.o (170ms)
✔ [1433/2460] Built ImportGraph.Lean.Environment:c.o (146ms)
✔ [1434/2460] Built Mathlib.Tactic.Linter.FlexibleLinter:c.o (1.8s)
✔ [1435/2460] Built Mathlib.Tactic.Linter.Whitespace:c.o (988ms)
✔ [1436/2460] Built Mathlib.Lean.Expr.Basic:c.o (1.6s)
✔ [1437/2460] Built Mathlib.Tactic.Linter.Style:c.o (1.3s)
✔ [1438/2460] Built ImportGraph.Imports.ImportGraph:c.o (548ms)
✔ [1439/2460] Built Mathlib.Util.ParseCommand:c.o (237ms)
✔ [1440/2460] Built Mathlib.Tactic.TypeStar:c.o (168ms)
✔ [1441/2460] Built ImportGraph.Graph.TransitiveClosure:c.o (183ms)
✔ [1442/2460] Built Mathlib.Tactic.TacticAnalysis:c.o (1.0s)
✔ [1443/2460] Built Batteries.Util.LibraryNote:c.o (345ms)
✔ [1444/2460] Built ImportGraph.Tools.ImportDiff:c.o (347ms)
✔ [1445/2460] Built ImportGraph.Tools.MinImports:c.o (307ms)
✔ [1446/2460] Built ImportGraph.Tools.RedundantImports:c.o (285ms)
✔ [1447/2460] Built Mathlib.Tactic.Linter.OverlappingInstances:c.o (2.4s)
✔ [1448/2460] Built ImportGraph.Tools:c.o (83ms)
✔ [1449/2460] Built ImportGraph.Imports.RequiredModules:c.o (1.3s)
✔ [1450/2460] Built Mathlib.Tactic.ExtractGoal:c.o (1.2s)
✔ [1451/2460] Built ImportGraph.Tools.FindHome:c.o (876ms)
✔ [1452/2460] Built Batteries.Tactic.Lint:c.o (86ms)
✔ [1453/2460] Built Batteries.Tactic.Lint.TypeClass:c.o (383ms)
✔ [1454/2460] Built Mathlib.Util.CodeActions:c.o (96ms)
✔ [1455/2460] Built Mathlib.Util.CodeActions.BinderPlicity:c.o (225ms)
✔ [1456/2460] Built Mathlib.Init:c.o (127ms)
✔ [1457/2460] Built Mathlib.Tactic.MinImports:c.o (1.7s)
✔ [1458/2460] Built Batteries.Tactic.OpenPrivate:c.o (908ms)
✔ [1459/2460] Built Mathlib.Tactic.Linter.Lint:c.o (597ms)
✔ [1460/2460] Built Batteries.Tactic.HelpCmd:c.o (1.6s)
✔ [1461/2460] Built Batteries.Lean.NameMapAttribute:c.o (401ms)
✔ [1462/2460] Built Mathlib.Tactic.Eqns:c.o (141ms)
✔ [1463/2460] Built Mathlib.Tactic.Translate.Attributes:c.o (95ms)
✔ [1464/2460] Built Batteries.Tactic.Lint.Simp:c.o (1.1s)
✔ [1465/2460] Built Mathlib.Data.String.Defs:c.o (143ms)
✔ [1466/2460] Built Mathlib.Lean.Meta.Simp:c.o (716ms)
✔ [1467/2460] Built Mathlib.Tactic.ToAdditive:c.o (94ms)
✔ [1468/2460] Built Mathlib.Algebra.Regular.Defs:c.o (103ms)
✔ [1469/2460] Built Mathlib.Tactic.TacticAnalysis.Declarations:c.o (2.2s)
✔ [1470/2460] Built Mathlib.Tactic.Translate.ToAdditive:c.o (420ms)
✔ [1471/2460] Built Mathlib.Tactic.Translate.GuessName:c.o (609ms)
✔ [1472/2460] Built Mathlib.Lean.Meta:c.o (433ms)
✔ [1473/2460] Built Mathlib.Lean.Name:c.o (447ms)
✔ [1474/2460] Built Mathlib.Tactic.Simps:c.o (99ms)
✔ [1475/2460] Built Mathlib.Algebra.Group.Semigroup:c.o (88ms)
✔ [1476/2460] Built Batteries.Tactic.Lint.Frontend:c.o (1.8s)
✔ [1477/2460] Built Mathlib.Tactic.Simps.NotationClass:c.o (427ms)
✔ [1478/2460] Built Mathlib.Data.Nat.BinaryRec:c.o (140ms)
✔ [1479/2460] Built Mathlib.Data.Nat.Notation:c.o (103ms)
✔ [1480/2460] Built Mathlib.Data.Int.Notation:c.o (118ms)
✔ [1481/2460] Built Mathlib.Algebra.Group.Monoid:c.o (249ms)
✔ [1482/2460] Built Mathlib.Tactic.OfNat:c.o (108ms)
✔ [1483/2460] Built Mathlib.Tactic.Translate.Reorder:c.o (1.5s)
✔ [1484/2460] Built Mathlib.Tactic.Translate.UnfoldBoundary:c.o (1.6s)
✔ [1485/2460] Built Mathlib.Algebra.Group.DivInvMonoid:c.o (211ms)
✔ [1486/2460] Built Mathlib.Algebra.Group.Defs:c.o (160ms)
✔ [1487/2460] Built Mathlib.Tactic.Push.Attr:c.o (715ms)
✔ [1488/2460] Built Mathlib.Algebra.Notation.Defs:c.o (154ms)
✔ [1489/2460] Built Batteries.Tactic.Trans:c.o (2.2s)
✔ [1490/2460] Built Mathlib.Data.Int.Init:c.o (174ms)
✔ [1491/2460] Built Mathlib.Basic.ExistsUnique:c.o (201ms)
✔ [1492/2460] Built Mathlib.Basic.Nonempty:c.o (93ms)
✔ [1493/2460] Built Mathlib.Basic.Nontrivial.Defs:c.o (77ms)
✔ [1494/2460] Built Mathlib.Tactic.MkIffOfInductiveProp:c.o (1.6s)
✔ [1495/2460] Built Mathlib.Util.AddRelatedDecl:c.o (1.5s)
✔ [1496/2460] Built Mathlib.Tactic.Attr.Register:c.o (329ms)
✔ [1497/2460] Built Mathlib.Tactic.CrossRefAttribute:c.o (919ms)
✔ [1498/2460] Built Mathlib.Basic.Logic.Basic:c.o (419ms)
✔ [1499/2460] Built Batteries.Util.ExtendedBinder:c.o (279ms)
✔ [1500/2460] Built Mathlib.Tactic.ToDual:c.o (92ms)
✔ [1501/2460] Built Mathlib.Logic.Function.Defs:c.o (168ms)
✔ [1502/2460] Built Mathlib.Lean.PrettyPrinter.Delaborator:c.o (538ms)
✔ [1503/2460] Built Mathlib.Tactic.Translate.ToDual:c.o (450ms)
✔ [1504/2460] Built Mathlib.Tactic.ExtendDoc:c.o (229ms)
✔ [1505/2460] Built Mathlib.Order.Defs.Unbundled:c.o (123ms)
✔ [1506/2460] Built Mathlib.Data.Set.Defs:c.o (356ms)
✔ [1507/2460] Built Mathlib.Logic.Function.Basic:c.o (131ms)
✔ [1508/2460] Built Mathlib.Logic.Function.Conjugate:c.o (79ms)
✔ [1509/2460] Built Mathlib.Logic.Function.Iterate:c.o (131ms)
✔ [1510/2460] Built Mathlib.Tactic.Translate.TagUnfoldBoundary:c.o (629ms)
✔ [1511/2460] Built Mathlib.Algebra.Group.Basic:c.o (117ms)
✔ [1512/2460] Built Mathlib.Algebra.Notation.Pi.Defs:c.o (136ms)
✔ [1513/2460] Built Mathlib.Algebra.Notation.Pi.Basic:c.o (109ms)
✔ [1514/2460] Built Mathlib.Data.Int.DivMod:c.o (101ms)
✔ [1515/2460] Built Mathlib.Tactic.SimpRw:c.o (373ms)
✔ [1516/2460] Built Batteries.Data.Nat.Basic:c.o (156ms)
✔ [1517/2460] Built Batteries.Data.Nat.Lemmas:c.o (142ms)
✔ [1518/2460] Built Mathlib.Data.Nat.Init:c.o (192ms)
✔ [1519/2460] Built Mathlib.Basic.IsEmpty.Defs:c.o (84ms)
✔ [1520/2460] Built Mathlib.Tactic.SetNotationForOrder:c.o (962ms)
✔ [1521/2460] Built Mathlib.Tactic.Inhabit:c.o (180ms)
✔ [1522/2460] Built Mathlib.Basic.Unique:c.o (111ms)
✔ [1523/2460] Built Mathlib.Data.FunLike.Basic:c.o (103ms)
✔ [1524/2460] Built Mathlib.Data.FunLike.Embedding:c.o (104ms)
✔ [1525/2460] Built Mathlib.Tactic.SplitIfs:c.o (649ms)
✔ [1526/2460] Built Mathlib.Data.FunLike.Equiv:c.o (101ms)
✔ [1527/2460] Built Mathlib.Logic.Relator:c.o (102ms)
✔ [1528/2460] Built Mathlib.Order.Defs.Prop:c.o (102ms)
✔ [1529/2460] Built Mathlib.Logic.Relation:c.o (141ms)
✔ [1530/2460] Built Mathlib.Lean.Elab.Term:c.o (125ms)
✔ [1531/2460] Built Mathlib.Util.WithWeakNamespace:c.o (177ms)
✔ [1532/2460] Built Mathlib.Data.Subtype:c.o (101ms)
✔ [1533/2460] Built Mathlib.Tactic.Core:c.o (850ms)
✔ [1534/2460] Built Mathlib.Data.Quot:c.o (243ms)
✔ [1535/2460] Built Mathlib.Logic.Equiv.Defs:c.o (351ms)
✔ [1536/2460] Built Qq.ForLean.ReduceEval:c.o (341ms)
✔ [1537/2460] Built Qq.ForLean.ToExpr:c.o (227ms)
✔ [1538/2460] Built Qq.Typ:c.o (197ms)
✔ [1539/2460] Built Qq.Simp:c.o (102ms)
✔ [1540/2460] Built Qq.MetaM:c.o (246ms)
✔ [1541/2460] Built Qq.ForLean.Do:c.o (197ms)
✔ [1542/2460] Built Mathlib.Tactic.ScopedNS:c.o (858ms)
✔ [1543/2460] Built Qq.SortLocalDecls:c.o (185ms)
✔ [1544/2460] Built Qq.MatchImpl:c.o (145ms)
✔ [1545/2460] Built Mathlib.Tactic.Use:c.o (1.1s)
✔ [1546/2460] Built Qq.Delab:c.o (575ms)
✔ [1547/2460] Built Qq:c.o (93ms)
✔ [1548/2460] Built Plausible.Random:c.o (248ms)
✔ [1549/2460] Built Qq.Commands:c.o (551ms)
✔ [1550/2460] Built Plausible.Gen:c.o (461ms)
✔ [1551/2460] Built Qq.AssertInstancesCommute:c.o (710ms)
✔ [1552/2460] Built Plausible.Arbitrary:c.o (351ms)
✔ [1553/2460] Built Plausible.Shrinkable:c.o (194ms)
✔ [1554/2460] Built Plausible.Functions:c.o (208ms)
✔ [1555/2460] Built Plausible.Attr:c.o (144ms)
✔ [1556/2460] Built Plausible.Sampleable:c.o (322ms)
✔ [1557/2460] Built Plausible.ArbitraryFueled:c.o (91ms)
✔ [1558/2460] Built Mathlib.Tactic.DepRewrite:c.o (3.7s)
✔ [1559/2460] Built Plausible.Tactic:c.o (398ms)
✔ [1560/2460] Built Plausible:c.o (117ms)
✔ [1561/2460] Built Plausible.DeriveShrinkable:c.o (880ms)
✔ [1562/2460] Built Plausible.DeriveArbitrary:c.o (986ms)
✔ [1563/2460] Built Qq.Match:c.o (2.3s)
✔ [1564/2460] Built Batteries.CodeAction.Attr:c.o (351ms)
✔ [1565/2460] Built Batteries.CodeAction.Basic:c.o (273ms)
✔ [1566/2460] Built Mathlib.Tactic.Simps.Basic:c.o (5.8s)
✔ [1567/2460] Built Batteries.Tactic.Case:c.o (1.2s)
✔ [1568/2460] Built Batteries.CodeAction:c.o (107ms)
✔ [1569/2460] Built Plausible.Testable:c.o (1.9s)
✔ [1570/2460] Built LeanSearchClient.Basic:c.o (120ms)
✔ [1571/2460] Built LeanSearchClient:c.o (93ms)
✔ [1572/2460] Built Batteries.CodeAction.Match:c.o (600ms)
✔ [1573/2460] Built Mathlib.Tactic.Translate.Core:c.o (6.0s)
✔ [1574/2460] Built Mathlib.Tactic.ApplyCongr:c.o (248ms)
✔ [1575/2460] Built Mathlib.Lean.Meta.Basic:c.o (420ms)
✔ [1576/2460] Built Mathlib.Tactic.ApplyAt:c.o (314ms)
✔ [1577/2460] Built Batteries.CodeAction.Misc:c.o (1.2s)
✔ [1578/2460] Built LeanSearchClient.LoogleSyntax:c.o (823ms)
✔ [1579/2460] Built Mathlib.Tactic.ApplyWith:c.o (491ms)
✔ [1580/2460] Built Mathlib.Util.Notation3:c.o (4.5s)
✔ [1581/2460] Built Batteries.Data.List.Basic:c.o (1.5s)
✔ [1582/2460] Built LeanSearchClient.Syntax:c.o (1.3s)
✔ [1583/2460] Built Mathlib.Tactic.Basic:c.o (577ms)
✔ [1584/2460] Built Mathlib.Util.AtLocation:c.o (460ms)
✔ [1585/2460] Built Mathlib.Tactic.ByCases:c.o (156ms)
✔ [1586/2460] Built Mathlib.Tactic.ByContra:c.o (197ms)
✔ [1587/2460] Built Mathlib.Tactic.PPWithUniv:c.o (679ms)
✔ [1588/2460] Built Mathlib.Tactic.Conv:c.o (552ms)
✔ [1589/2460] Built Mathlib.Tactic.ClearExclamation:c.o (138ms)
✔ [1590/2460] Built ProofWidgets.Compat:c.o (142ms)
✔ [1591/2460] Built Batteries.Tactic.GeneralizeProofs:c.o (2.8s)
✔ [1592/2460] Built Mathlib.Tactic.ClearExcept:c.o (261ms)
✔ [1593/2460] Built Mathlib.Tactic.Clear_:c.o (310ms)
✔ [1594/2460] Built Mathlib.Tactic.Check:c.o (540ms)
✔ [1595/2460] Built ProofWidgets.Component.MakeEditLink:c.o (244ms)
✔ [1596/2460] Built ProofWidgets.Component.Basic:c.o (407ms)
✔ [1597/2460] Built ProofWidgets.Component.Panel.Basic:c.o (299ms)
✔ [1598/2460] Built ProofWidgets.Util:c.o (336ms)
✔ [1599/2460] Built Batteries.Lean.Except:c.o (139ms)
✔ [1600/2460] Built Mathlib.Tactic.CasesM:c.o (874ms)
✔ [1601/2460] Built Batteries.Tactic.Exact:c.o (214ms)
✔ [1602/2460] Built Mathlib.Tactic.GCongr.ForwardAttr:c.o (249ms)
✔ [1603/2460] Built Batteries.Control.Lemmas:c.o (84ms)
✔ [1604/2460] Built Batteries.Control.LawfulMonadState:c.o (93ms)
✔ [1605/2460] Built ProofWidgets.Component.RefreshComponent:c.o (427ms)
✔ [1606/2460] Built Batteries.Control.OptionT:c.o (95ms)
✔ [1607/2460] Built Batteries.Control.AlternativeMonad:c.o (119ms)
✔ [1608/2460] Built Mathlib.Tactic.Choose:c.o (1.1s)
✔ [1609/2460] Built Batteries.Control.Nondet.Basic:c.o (204ms)
✔ [1610/2460] Built Mathlib.Tactic.GCongr:c.o (91ms)
✔ [1611/2460] Built Mathlib.Tactic.GRewrite:c.o (102ms)
✔ [1612/2460] Built Mathlib.Tactic.NthRewrite:c.o (159ms)
✔ [1613/2460] Built Qq.Macro:c.o (5.6s)
✔ [1614/2460] Built Mathlib.Tactic.Push:c.o (1.7s)
✔ [1615/2460] Built ProofWidgets.Component.FilterDetails:c.o (157ms)
✔ [1616/2460] Built ProofWidgets.Data.Html:c.o (1.1s)
✔ [1617/2460] Built Batteries.Data.MLList.Basic:c.o (609ms)
✔ [1618/2460] Built Mathlib.Control.Combinators:c.o (108ms)
✔ [1619/2460] Built Mathlib.Tactic.Attr.Core:c.o (91ms)
✔ [1620/2460] Built Mathlib.Control.Basic:c.o (207ms)
✔ [1621/2460] Built Mathlib.Tactic.Hint:c.o (784ms)
✔ [1622/2460] Built Mathlib.Tactic.ClickSuggestions.SectionState:c.o (381ms)
✔ [1623/2460] Built Mathlib.Tactic.ClickSuggestions.Apply:c.o (527ms)
✔ [1624/2460] Built Mathlib.Tactic.ClickSuggestions.ApplyAt:c.o (472ms)
✔ [1625/2460] Built Mathlib.Lean.FoldEnvironment:c.o (424ms)
✔ [1626/2460] Built Mathlib.Tactic.ClickSuggestions.Rewrite:c.o (782ms)
✔ [1627/2460] Built Mathlib.Lean.Meta.RefinedDiscrTree.Basic:c.o (547ms)
✔ [1628/2460] Built Mathlib.Lean.Meta.RefinedDiscrTree:c.o (216ms)
✔ [1629/2460] Built Mathlib.Tactic.ClickSuggestions.GRewrite:c.o (1.2s)
✔ [1630/2460] Built Mathlib.Tactic.GRewrite.Elab:c.o (1.7s)
✔ [1631/2460] Built Mathlib.Lean.Meta.RefinedDiscrTree.Encode:c.o (849ms)
✔ [1632/2460] Built Mathlib.Lean.Meta.RefinedDiscrTree.Initialize:c.o (717ms)
✔ [1633/2460] Built Mathlib.Lean.GoalsLocation:c.o (124ms)
✔ [1634/2460] Built Mathlib.Tactic.ClickSuggestions.Unfold:c.o (533ms)
✔ [1635/2460] Built Mathlib.Tactic.GRewrite.Core:c.o (2.3s)
✔ [1636/2460] Built Mathlib.Lean.Meta.KAbstractPositions:c.o (514ms)
✔ [1637/2460] Built ProofWidgets.Component.OfRpcMethod:c.o (340ms)
✔ [1638/2460] Built Mathlib.Lean.Meta.RefinedDiscrTree.Lookup:c.o (1.3s)
✔ [1639/2460] Built ProofWidgets.Cancellable:c.o (487ms)
✔ [1640/2460] Built Mathlib.Tactic.ClickSuggestions.FindPremises:c.o (1.3s)
✔ [1641/2460] Built Mathlib.Tactic.Coe:c.o (291ms)
✔ [1642/2460] Built Mathlib.Tactic.Relation.Rfl:c.o (247ms)
✔ [1643/2460] Built Mathlib.Tactic.ClickSuggestions.Util:c.o (2.5s)
✔ [1644/2460] Built Mathlib.Tactic.Constructor:c.o (147ms)
✔ [1645/2460] Built Mathlib.Tactic.CongrM:c.o (272ms)
✔ [1646/2460] Built Mathlib.Lean.MessageData.Trace:c.o (204ms)
✔ [1647/2460] Built Mathlib.Tactic.Contrapose:c.o (376ms)
✔ [1648/2460] Built Mathlib.Tactic.GCongr.Core:c.o (3.6s)
✔ [1649/2460] Built Mathlib.Tactic.ClickSuggestions:c.o (1.2s)
✔ [1650/2460] Built Mathlib.Lean.Meta.CongrTheorems:c.o (1.2s)
✔ [1651/2460] Built Mathlib.Tactic.DSimpPercent:c.o (178ms)
✔ [1652/2460] Built Mathlib.Tactic.DeprecateTo:c.o (725ms)
✔ [1653/2460] Built Mathlib.Tactic.ExistsI:c.o (116ms)
✔ [1654/2460] Built Mathlib.Tactic.ClickSuggestions.TryPremises:c.o (2.3s)
✔ [1655/2460] Built Mathlib.Tactic.FailIfNoProgress:c.o (345ms)
✔ [1656/2460] Built Batteries.Util.Cache:c.o (321ms)
✔ [1657/2460] Built Mathlib.Tactic.ErwQuestion:c.o (652ms)
✔ [1658/2460] Built Mathlib.Tactic.DefEqAbuse:c.o (1.4s)
✔ [1659/2460] Built Mathlib.Tactic.DefEqTransformations:c.o (1.3s)
✔ [1660/2460] Built Mathlib.Tactic.Find:c.o (518ms)
✔ [1661/2460] Built Mathlib.Tactic.FunProp.Mor:c.o (483ms)
✔ [1662/2460] Built Mathlib.Tactic.FunProp.ToBatteries:c.o (407ms)
✔ [1663/2460] Built Mathlib.Tactic.Convert:c.o (1.8s)
✔ [1664/2460] Built Mathlib.Tactic.FunProp.Types:c.o (286ms)
✔ [1665/2460] Built Mathlib.Tactic.FunProp.Attr:c.o (265ms)
✔ [1666/2460] Built Mathlib.Tactic.InferParam:c.o (223ms)
✔ [1667/2460] Built Mathlib.Tactic.FunProp:c.o (107ms)
✔ [1668/2460] Built Mathlib.Tactic.TermCongr:c.o (2.3s)
✔ [1669/2460] Built Mathlib.Tactic.FunProp.Decl:c.o (1.0s)
✔ [1670/2460] Built Mathlib.Tactic.GrindAttrs:c.o (234ms)
✔ [1671/2460] Built Mathlib.Tactic.GuardGoalNums:c.o (160ms)
✔ [1672/2460] Built Mathlib.Tactic.GuardHypNums:c.o (149ms)
✔ [1673/2460] Built Mathlib.Tactic.FunProp.FunctionData:c.o (877ms)
✔ [1674/2460] Built Mathlib.Tactic.CongrExclamation:c.o (2.7s)
✔ [1675/2460] Built Mathlib.Tactic.FunProp.Theorems:c.o (971ms)
✔ [1676/2460] Built Mathlib.Util.TermReduce:c.o (566ms)
✔ [1677/2460] Built Mathlib.Tactic.IrreducibleDef:c.o (589ms)
✔ [1678/2460] Built Mathlib.Tactic.Lift:c.o (601ms)
✔ [1679/2460] Built Mathlib.Tactic.Linter.HaveLetLinter:c.o (566ms)
✔ [1680/2460] Built Mathlib.Tactic.HigherOrder:c.o (690ms)
✔ [1681/2460] Built Mathlib.Tactic.Linter:c.o (95ms)
✔ [1682/2460] Built Mathlib.Tactic.RSuffices:c.o (141ms)
✔ [1683/2460] Built Mathlib.Util.Tactic:c.o (131ms)
✔ [1684/2460] Built Mathlib.Tactic.FunProp.Elab:c.o (1.2s)
✔ [1685/2460] Built Mathlib.Tactic.Linter.PPRoundtrip:c.o (556ms)
✔ [1686/2460] Built Mathlib.Tactic.Linter.UpstreamableDecl:c.o (416ms)
✔ [1687/2460] Built Mathlib.Tactic.Observe:c.o (289ms)
✔ [1688/2460] Built Mathlib.Tactic.Rename:c.o (295ms)
✔ [1689/2460] Built Mathlib.Tactic.Says:c.o (239ms)
✔ [1690/2460] Built Mathlib.Tactic.Recover:c.o (558ms)
✔ [1691/2460] Built Mathlib.Tactic.Linter.MinImports:c.o (1.0s)
✔ [1692/2460] Built Mathlib.Tactic.Set:c.o (376ms)
✔ [1693/2460] Built Mathlib.Lean.Elab.Tactic.Basic:c.o (349ms)
✔ [1694/2460] Built Mathlib.Tactic.RenameBVar:c.o (596ms)
✔ [1695/2460] Built Mathlib.Tactic.SimpIntro:c.o (458ms)
✔ [1696/2460] Built Mathlib.Tactic.Substs:c.o (180ms)
✔ [1697/2460] Built Mathlib.Tactic.SuccessIfFailWithMsg:c.o (265ms)
✔ [1698/2460] Built Mathlib.Tactic.Spread:c.o (509ms)
✔ [1699/2460] Built Mathlib.Tactic.SudoSetOption:c.o (286ms)
✔ [1700/2460] Built Mathlib.Tactic.SwapVar:c.o (249ms)
✔ [1701/2460] Built Mathlib.Tactic.ToLevel:c.o (80ms)
✔ [1702/2460] Built Mathlib.Tactic.ToFun:c.o (275ms)
✔ [1703/2460] Built Mathlib.Tactic.Trace:c.o (176ms)
✔ [1704/2460] Built Mathlib.Tactic.ToExpr:c.o (276ms)
✔ [1705/2460] Built Mathlib.Tactic.UnsetOption:c.o (168ms)
✔ [1706/2460] Built Mathlib.Tactic.Widget.SelectInsertParamsClass:c.o (168ms)
✔ [1707/2460] Built Mathlib.Tactic.Setm:c.o (984ms)
✔ [1708/2460] Built Mathlib.Tactic.Subsingleton:c.o (1.0s)
✔ [1709/2460] Built Mathlib.Tactic.Widget.CongrM:c.o (318ms)
✔ [1710/2460] Built Mathlib.Tactic.Widget.SelectPanelUtils:c.o (565ms)
✔ [1711/2460] Built Mathlib.Tactic.Simproc.ExistsAndEq:c.o (1.5s)
✔ [1712/2460] Built Mathlib.Tactic.Widget.Calc:c.o (767ms)
✔ [1713/2460] Built Mathlib.Tactic.Widget.Conv:c.o (852ms)
✔ [1714/2460] Built Mathlib.Tactic.WLOG:c.o (543ms)
✔ [1715/2460] Built Mathlib.Util.TransImports:c.o (280ms)
✔ [1716/2460] Built Mathlib.Tactic.Common:c.o (211ms)
✔ [1717/2460] Built Mathlib.Tactic.Variable:c.o (1.3s)
✔ [1718/2460] Built Batteries.Data.Fin.Basic:c.o (209ms)
✔ [1719/2460] Built Mathlib.Data.Fin.Basic:c.o (136ms)
✔ [1720/2460] Built Mathlib.Data.Set.CoeSort:c.o (122ms)
✔ [1721/2460] Built Mathlib.Tactic.Tauto:c.o (1.6s)
✔ [1722/2460] Built Mathlib.Util.CountHeartbeats:c.o (816ms)
✔ [1723/2460] Built Mathlib.Data.SProd:c.o (145ms)
✔ [1724/2460] Built Mathlib.Util.PrintSorries:c.o (808ms)
✔ [1725/2460] Built Mathlib.Util.WhatsNew:c.o (589ms)
✔ [1726/2460] Built Mathlib.Data.Set.Operations:c.o (152ms)
✔ [1727/2460] Built Mathlib.Data.Fin.SuccPred:c.o (111ms)
✔ [1728/2460] Built Mathlib.Control.EquivFunctor:c.o (108ms)
✔ [1729/2460] Built Mathlib.Data.Option.Defs:c.o (111ms)
✔ [1730/2460] Built Mathlib.Order.Notation:c.o (337ms)
✔ [1731/2460] Built Mathlib.Data.Option.Basic:c.o (121ms)
✔ [1732/2460] Built Mathlib.Logic.Equiv.Option:c.o (153ms)
✔ [1733/2460] Built Mathlib.Data.Sigma.Basic:c.o (153ms)
✔ [1734/2460] Built Mathlib.Tactic.FunProp.Core:c.o (3.7s)
✔ [1735/2460] Built Mathlib.Logic.Equiv.Prod:c.o (276ms)
✔ [1736/2460] Built Mathlib.Logic.Equiv.Sum:c.o (221ms)
✔ [1737/2460] Built Mathlib.Data.Fin.Rev:c.o (93ms)
✔ [1738/2460] Built Mathlib.Data.Ordering.Basic:c.o (84ms)
✔ [1739/2460] Built Mathlib.Logic.Equiv.Basic:c.o (244ms)
✔ [1740/2460] Built Mathlib.Order.Defs.PartialOrder:c.o (182ms)
✔ [1741/2460] Built Mathlib.Order.Defs.LinearOrder:c.o (155ms)
✔ [1742/2460] Built Mathlib.Data.Nat.Basic:c.o (93ms)
✔ [1743/2460] Built Mathlib.Data.Nat.Find:c.o (123ms)
✔ [1744/2460] Built Mathlib.Data.Prod.Basic:c.o (146ms)
✔ [1745/2460] Built Mathlib.Algebra.Notation.Prod:c.o (120ms)
✔ [1746/2460] Built Mathlib.Algebra.Order.ZeroLEOne:c.o (86ms)
✔ [1747/2460] Built Mathlib.Order.Max:c.o (95ms)
✔ [1748/2460] Built Mathlib.Logic.Function.ULift:c.o (86ms)
✔ [1749/2460] Built Mathlib.Order.ULift:c.o (109ms)
✔ [1750/2460] Built Mathlib.Order.OrderDual:c.o (198ms)
✔ [1751/2460] Built Mathlib.Tactic.Finiteness.Attr:c.o (117ms)
✔ [1752/2460] Built Mathlib.Data.Bool.Basic:c.o (106ms)
✔ [1753/2460] Built Mathlib.Logic.Pairwise:c.o (91ms)
✔ [1754/2460] Built Mathlib.Data.Int.Order.Basic:c.o (89ms)
✔ [1755/2460] Built Mathlib.Order.Basic:c.o (311ms)
✔ [1756/2460] Built Mathlib.Order.BoundedOrder.Basic:c.o (183ms)
✔ [1757/2460] Built Mathlib.Order.Compare:c.o (100ms)
✔ [1758/2460] Built Mathlib.Order.Monotone.Defs:c.o (100ms)
✔ [1759/2460] Built Mathlib.Basic.IsEmpty.Basic:c.o (86ms)
✔ [1760/2460] Built Mathlib.Order.RelClasses:c.o (108ms)
✔ [1761/2460] Built Mathlib.Order.Monotone.Basic:c.o (117ms)
✔ [1762/2460] Built Mathlib.Order.BoundedOrder.Lattice:c.o (98ms)
✔ [1763/2460] Built Mathlib.Algebra.Order.IsBotOne:c.o (100ms)
✔ [1764/2460] Built Mathlib.Data.Prod.PProd:c.o (80ms)
✔ [1765/2460] Built Mathlib.Data.Sum.Basic:c.o (106ms)
✔ [1766/2460] Built Mathlib.Data.Fin.Embedding:c.o (105ms)
✔ [1767/2460] Built Mathlib.Logic.Embedding.Basic:c.o (174ms)
✔ [1768/2460] Built Mathlib.Order.Disjoint:c.o (112ms)
✔ [1769/2460] Built Mathlib.Order.PropInstances:c.o (98ms)
✔ [1770/2460] Built Mathlib.Order.GaloisConnection.Defs:c.o (118ms)
✔ [1771/2460] Built Mathlib.Order.Lattice:c.o (343ms)
✔ [1772/2460] Built Mathlib.Tactic.Monotonicity.Attr:c.o (98ms)
✔ [1773/2460] Built Batteries.Data.Fin.Lemmas:c.o (82ms)
✔ [1774/2460] Built Mathlib.Data.Set.Basic:c.o (105ms)
✔ [1775/2460] Built Mathlib.Order.RelIso.Basic:c.o (239ms)
✔ [1776/2460] Built Mathlib.Order.Fin.Basic:c.o (169ms)
✔ [1777/2460] Built Mathlib.Data.Set.Disjoint:c.o (78ms)
✔ [1778/2460] Built Mathlib.Data.Set.Insert:c.o (111ms)
✔ [1779/2460] Built Mathlib.Tactic.FBinop:c.o (1.5s)
✔ [1780/2460] Built Mathlib.Order.Hom.Basic:c.o (322ms)
✔ [1781/2460] Built Mathlib.Data.Set.Subsingleton:c.o (98ms)
✔ [1782/2460] Built Mathlib.Order.BooleanAlgebra.Set:c.o (95ms)
✔ [1783/2460] Built Mathlib.Data.Fin.Tuple.Basic:c.o (213ms)
✔ [1784/2460] Built Mathlib.Order.BooleanAlgebra.Defs:c.o (135ms)
✔ [1785/2460] Built Mathlib.Order.SymmDiff:c.o (160ms)
✔ [1786/2460] Built Mathlib.Data.Set.SymmDiff:c.o (100ms)
✔ [1787/2460] Built Mathlib.Data.Set.Inclusion:c.o (135ms)
✔ [1788/2460] Built Mathlib.Data.Set.Image:c.o (131ms)
✔ [1789/2460] Built Mathlib.Algebra.Group.Fin.Tuple:c.o (99ms)
✔ [1790/2460] Built Batteries.Control.ForInStep.Lemmas:c.o (88ms)
✔ [1791/2460] Built Mathlib.Order.Heyting.Basic:c.o (665ms)
✔ [1792/2460] Built Mathlib.Order.BooleanAlgebra.Basic:c.o (353ms)
✔ [1793/2460] Built Batteries.Data.List.Count:c.o (103ms)
✔ [1794/2460] Built Batteries.Data.List.Perm:c.o (101ms)
✔ [1795/2460] Built Mathlib.Tactic.Widget.LibraryRewrite:c.o (2.9s)
✔ [1796/2460] Built Mathlib.Util.CompileInductive:c.o (1.7s)
✔ [1797/2460] Built Batteries.Tactic.Congr:c.o (601ms)
✔ [1798/2460] Built Mathlib.Data.Fin.VecNotation:c.o (321ms)
✔ [1799/2460] Built Batteries.Data.List.Lemmas:c.o (224ms)
✔ [1800/2460] Built Mathlib.Control.Functor:c.o (166ms)
✔ [1801/2460] Built Mathlib.Data.List.Monad:c.o (102ms)
✔ [1802/2460] Built Mathlib.Data.List.Basic:c.o (151ms)
✔ [1803/2460] Built Mathlib.Data.List.Forall2:c.o (122ms)
✔ [1804/2460] Built Mathlib.Data.List.InsertIdx:c.o (104ms)
✔ [1805/2460] Built Mathlib.Logic.OpClass:c.o (80ms)
✔ [1806/2460] Built Mathlib.Data.List.Perm.Basic:c.o (124ms)
✔ [1807/2460] Built Mathlib.Data.List.Perm.Subperm:c.o (85ms)
✔ [1808/2460] Built Mathlib.Data.Multiset.Defs:c.o (151ms)
✔ [1809/2460] Built Mathlib.Data.Set.Prod:c.o (130ms)
✔ [1810/2460] Built Mathlib.Data.Set.Function:c.o (79ms)
✔ [1811/2460] Built Mathlib.Data.Set.Restrict:c.o (113ms)
✔ [1812/2460] Built Mathlib.Data.Set.Pairwise.Basic:c.o (106ms)
✔ [1813/2460] Built Mathlib.Tactic.SetLike:c.o (132ms)
✔ [1814/2460] Built Mathlib.Data.Finset.Defs:c.o (155ms)
✔ [1815/2460] Built Mathlib.Data.List.Nodup:c.o (84ms)
✔ [1816/2460] Built Mathlib.Data.Multiset.ZeroCons:c.o (127ms)
✔ [1817/2460] Built Mathlib.Data.Multiset.Count:c.o (100ms)
✔ [1818/2460] Built Mathlib.Data.List.Count:c.o (108ms)
✔ [1819/2460] Built Mathlib.Data.Multiset.AddSub:c.o (107ms)
✔ [1820/2460] Built Mathlib.Data.List.Defs:c.o (505ms)
✔ [1821/2460] Built Mathlib.Data.SetLike.Basic:c.o (293ms)
✔ [1822/2460] Built Mathlib.Data.Multiset.Replicate:c.o (86ms)
✔ [1823/2460] Built Mathlib.Data.Set.List:c.o (81ms)
✔ [1824/2460] Built Mathlib.Data.Multiset.MapFold:c.o (95ms)
✔ [1825/2460] Built Mathlib.Data.Finset.Attach:c.o (80ms)
✔ [1826/2460] Built Mathlib.Data.Finset.Attr:c.o (116ms)
✔ [1827/2460] Built Mathlib.Data.List.Lattice:c.o (97ms)
✔ [1828/2460] Built Batteries.Data.List.Pairwise:c.o (82ms)
✔ [1829/2460] Built Mathlib.Tactic.FastInstance:c.o (1.8s)
✔ [1830/2460] Built Mathlib.Data.List.Dedup:c.o (104ms)
✔ [1831/2460] Built Mathlib.Data.List.TakeDrop:c.o (108ms)
✔ [1832/2460] Built Mathlib.Data.List.Perm.Lattice:c.o (113ms)
✔ [1833/2460] Built Mathlib.Data.Multiset.Filter:c.o (108ms)
✔ [1834/2460] Built Mathlib.Order.MinMax:c.o (101ms)
✔ [1835/2460] Built Mathlib.Data.Multiset.UnionInter:c.o (108ms)
✔ [1836/2460] Built Mathlib.Data.Multiset.Dedup:c.o (93ms)
✔ [1837/2460] Built Mathlib.Data.Multiset.Basic:c.o (131ms)
✔ [1838/2460] Built Mathlib.Data.Finset.Dedup:c.o (100ms)
✔ [1839/2460] Built Mathlib.Data.Finset.Empty:c.o (125ms)
✔ [1840/2460] Built Mathlib.Data.List.Infix:c.o (107ms)
✔ [1841/2460] Built Mathlib.Data.Multiset.FinsetOps:c.o (115ms)
✔ [1842/2460] Built Mathlib.Util.PPOptions:c.o (139ms)
✔ [1843/2460] Built Mathlib.Data.Finset.Disjoint:c.o (106ms)
✔ [1844/2460] Built Mathlib.Data.Finset.Erase:c.o (73ms)
✔ [1845/2460] Built Mathlib.Data.Multiset.Range:c.o (85ms)
✔ [1846/2460] Built Mathlib.Data.List.Induction:c.o (211ms)
✔ [1847/2460] Built Mathlib.Data.Finset.Insert:c.o (172ms)
✔ [1848/2460] Built Mathlib.Data.Finset.Filter:c.o (187ms)
✔ [1849/2460] Built Mathlib.Order.Interval.Set.Defs:c.o (88ms)
✔ [1850/2460] Built Mathlib.Data.Finset.Range:c.o (96ms)
✔ [1851/2460] Built Mathlib.Data.Finset.Lattice.Basic:c.o (113ms)
✔ [1852/2460] Built Mathlib.Data.Finset.SDiff:c.o (99ms)
✔ [1853/2460] Built Mathlib.Algebra.NeZero:c.o (97ms)
✔ [1854/2460] Built Mathlib.Logic.Equiv.Set:c.o (156ms)
✔ [1855/2460] Built Mathlib.Order.Directed:c.o (141ms)
✔ [1856/2460] Built Mathlib.Data.Finset.Basic:c.o (135ms)
✔ [1857/2460] Built Mathlib.Data.Finset.Lattice.Lemmas:c.o (98ms)
✔ [1858/2460] Built Mathlib.Basic.Finite.Defs:c.o (115ms)
✔ [1859/2460] Built Mathlib.Order.Lex:c.o (137ms)
✔ [1860/2460] Built Mathlib.Data.Multiset.Fold:c.o (123ms)
✔ [1861/2460] Built Mathlib.Data.Finset.Image:c.o (150ms)
✔ [1862/2460] Built Mathlib.Data.Finset.Fold:c.o (130ms)
✔ [1863/2460] Built Mathlib.Data.Finset.Card:c.o (162ms)
✔ [1864/2460] Built Mathlib.Algebra.Group.Nat.Defs:c.o (123ms)
✔ [1865/2460] Built Mathlib.Algebra.Order.Monoid.Unbundled.Defs:c.o (111ms)
✔ [1866/2460] Built Mathlib.Algebra.Order.Monoid.Unbundled.ExistsOfLE:c.o (105ms)
✔ [1867/2460] Built Mathlib.Algebra.Order.Sub.Defs:c.o (97ms)
✔ [1868/2460] Built Mathlib.Algebra.Order.Monoid.Unbundled.Basic:c.o (139ms)
✔ [1869/2460] Built Mathlib.Algebra.Order.Group.Multiset:c.o (101ms)
✔ [1870/2460] Built Mathlib.Data.Multiset.Sum:c.o (86ms)
✔ [1871/2460] Built Mathlib.Data.Finset.Sum:c.o (104ms)
✔ [1872/2460] Built Mathlib.Data.Multiset.Lattice:c.o (99ms)
✔ [1873/2460] Built Mathlib.Data.Bool.Set:c.o (108ms)
✔ [1874/2460] Built Mathlib.Data.Nat.Set:c.o (89ms)
✔ [1875/2460] Built Mathlib.Data.Set.NAry:c.o (92ms)
✔ [1876/2460] Built Mathlib.Control.ULift:c.o (108ms)
✔ [1877/2460] Built Mathlib.Data.ULift:c.o (103ms)
✔ [1878/2460] Built Mathlib.Order.Antisymmetrization:c.o (171ms)
✔ [1879/2460] Built Mathlib.Order.Bounds.Defs:c.o (109ms)
✔ [1880/2460] Built Mathlib.Order.BoundedOrder.Monotone:c.o (95ms)
✔ [1881/2460] Built Mathlib.Order.Interval.Set.Basic:c.o (135ms)
✔ [1882/2460] Built Mathlib.Data.Fintype.Defs:c.o (548ms)
✔ [1883/2460] Built Mathlib.Algebra.Group.Hom.Defs:c.o (423ms)
✔ [1884/2460] Built Mathlib.Order.Bounds.Basic:c.o (140ms)
✔ [1885/2460] Built Mathlib.Order.Bounds.Image:c.o (115ms)
✔ [1886/2460] Built Mathlib.Order.CompleteLattice.Defs:c.o (171ms)
✔ [1887/2460] Built Mathlib.Order.WellFounded:c.o (99ms)
✔ [1888/2460] Built Mathlib.Order.Hom.Set:c.o (112ms)
✔ [1889/2460] Built Mathlib.Basic.Nontrivial.Basic:c.o (90ms)
✔ [1890/2460] Built Mathlib.Order.CompleteLattice.Lemmas:c.o (139ms)
✔ [1891/2460] Built Mathlib.Order.TypeTags:c.o (160ms)
✔ [1892/2460] Built Mathlib.Data.Option.NAry:c.o (117ms)
✔ [1893/2460] Built Mathlib.Util.Delaborators:c.o (987ms)
✔ [1894/2460] Built Mathlib.Order.CompleteLattice.Basic:c.o (248ms)
✔ [1895/2460] Built Mathlib.Data.Set.BooleanAlgebra:c.o (133ms)
✔ [1896/2460] Built Mathlib.Order.Nat:c.o (95ms)
✔ [1897/2460] Built Mathlib.Order.WithBot:c.o (342ms)
✔ [1898/2460] Built Mathlib.Order.GaloisConnection.Basic:c.o (265ms)
✔ [1899/2460] Built Mathlib.Order.Hom.Lattice:c.o (247ms)
✔ [1900/2460] Built Mathlib.Order.Hom.BoundedLattice:c.o (233ms)
✔ [1901/2460] Built Mathlib.Data.Finset.Lattice.Fold:c.o (101ms)
✔ [1902/2460] Built Mathlib.Data.Set.Sigma:c.o (95ms)
✔ [1903/2460] Built Mathlib.Algebra.Group.Semiconj.Defs:c.o (91ms)
✔ [1904/2460] Built Mathlib.Algebra.Group.Commute.Defs:c.o (98ms)
✔ [1905/2460] Built Mathlib.Order.Hom.Bounded:c.o (300ms)
✔ [1906/2460] Built Mathlib.Algebra.Group.SelfInv:c.o (84ms)
✔ [1907/2460] Built Mathlib.Algebra.Group.Torsion:c.o (84ms)
✔ [1908/2460] Built Mathlib.Algebra.Divisibility.Basic:c.o (115ms)
✔ [1909/2460] Built Mathlib.Algebra.BigOperators.Group.List.Defs:c.o (116ms)
✔ [1910/2460] Built Mathlib.Algebra.Group.Int.Defs:c.o (93ms)
✔ [1911/2460] Built Mathlib.Algebra.Opposites:c.o (187ms)
✔ [1912/2460] Built Mathlib.Algebra.Group.Opposite:c.o (227ms)
✔ [1913/2460] Built Mathlib.Algebra.BigOperators.Group.List.Basic:c.o (81ms)
✔ [1914/2460] Built Mathlib.Algebra.Group.Nat.Units:c.o (93ms)
✔ [1915/2460] Built Mathlib.Algebra.Group.Int.Units:c.o (99ms)
✔ [1916/2460] Built Mathlib.Data.List.Flatten:c.o (91ms)
✔ [1917/2460] Built Mathlib.Algebra.Group.InjSurj:c.o (322ms)
✔ [1918/2460] Built Mathlib.Data.List.TFAE:c.o (140ms)
✔ [1919/2460] Built Mathlib.Data.List.Pairwise:c.o (86ms)
✔ [1920/2460] Built Mathlib.Data.List.Lex:c.o (129ms)
✔ [1921/2460] Built Mathlib.Data.List.Chain:c.o (100ms)
✔ [1922/2460] Built Mathlib.Data.List.Range:c.o (120ms)
✔ [1923/2460] Built Mathlib.Data.List.Rotate:c.o (111ms)
✔ [1924/2460] Built Mathlib.Data.List.ProdSigma:c.o (107ms)
✔ [1925/2460] Built Mathlib.Algebra.BigOperators.Group.List.Lemmas:c.o (100ms)
✔ [1926/2460] Built Mathlib.Algebra.Group.Units.Defs:c.o (335ms)
✔ [1927/2460] Built Mathlib.Algebra.BigOperators.Group.Multiset.Defs:c.o (106ms)
✔ [1928/2460] Built Mathlib.Algebra.Group.Units.Basic:c.o (88ms)
✔ [1929/2460] Built Mathlib.Algebra.Group.Units.Hom:c.o (137ms)
✔ [1930/2460] Built Mathlib.Algebra.Order.Sub.Unbundled.Basic:c.o (87ms)
✔ [1931/2460] Built Mathlib.Algebra.BigOperators.Group.Multiset.Basic:c.o (94ms)
✔ [1932/2460] Built Mathlib.Order.SetNotation:c.o (1.0s)
✔ [1933/2460] Built Mathlib.Algebra.Group.Equiv.Defs:c.o (229ms)
✔ [1934/2460] Built Mathlib.Algebra.Group.Hom.Basic:c.o (216ms)
✔ [1935/2460] Built Mathlib.Data.Multiset.Bind:c.o (96ms)
✔ [1936/2460] Built Mathlib.Data.Finset.Union:c.o (88ms)
✔ [1937/2460] Built Mathlib.Data.Finset.Option:c.o (117ms)
✔ [1938/2460] Built Mathlib.Data.Set.Lattice.Indexed:c.o (99ms)
✔ [1939/2460] Built Mathlib.Data.Set.Lattice.Bounded:c.o (85ms)
✔ [1940/2460] Built Mathlib.Data.Set.Lattice.Image:c.o (85ms)
✔ [1941/2460] Built Mathlib.Algebra.Group.Prod:c.o (336ms)
✔ [1942/2460] Built Mathlib.Order.CompleteLattice.Finset:c.o (98ms)
✔ [1943/2460] Built Mathlib.Data.Finset.Sigma:c.o (94ms)
✔ [1944/2460] Built Mathlib.Data.Finset.BooleanAlgebra:c.o (112ms)
✔ [1945/2460] Built Mathlib.Data.Finset.SymmDiff:c.o (99ms)
✔ [1946/2460] Built Mathlib.Data.Fintype.OfMap:c.o (102ms)
✔ [1947/2460] Built Mathlib.Algebra.Group.Equiv.Basic:c.o (174ms)
✔ [1948/2460] Built Mathlib.Algebra.Group.Equiv.Opposite:c.o (189ms)
✔ [1949/2460] Built Mathlib.Algebra.Group.TypeTags.Basic:c.o (217ms)
✔ [1950/2460] Built Mathlib.Data.Fintype.Sets:c.o (166ms)
✔ [1951/2460] Built Mathlib.Data.List.Enum:c.o (82ms)
✔ [1952/2460] Built Mathlib.Data.List.OffDiag:c.o (103ms)
✔ [1953/2460] Built Mathlib.Data.Nat.Choose.Basic:c.o (117ms)
✔ [1954/2460] Built Mathlib.Data.Finset.Prod:c.o (94ms)
✔ [1955/2460] Built Mathlib.Data.Nat.Factorial.Basic:c.o (163ms)
✔ [1956/2460] Built Mathlib.Algebra.BigOperators.Group.Finset.Basic:c.o (81ms)
✔ [1957/2460] Built Mathlib.Algebra.BigOperators.Group.Finset.Sigma:c.o (78ms)
✔ [1958/2460] Built Mathlib.Algebra.Group.Even:c.o (89ms)
✔ [1959/2460] Built Mathlib.Data.Set.Piecewise:c.o (84ms)
✔ [1960/2460] Built Mathlib.Algebra.Notation.Support:c.o (83ms)
✔ [1961/2460] Built Mathlib.Algebra.Group.Pi.Basic:c.o (190ms)
✔ [1962/2460] Built Mathlib.Algebra.Group.Hom.Instances:c.o (248ms)
✔ [1963/2460] Built Mathlib.Algebra.Group.Pi.Lemmas:c.o (174ms)
✔ [1964/2460] Built Mathlib.Algebra.BigOperators.Group.Finset.Lemmas:c.o (110ms)
✔ [1965/2460] Built Mathlib.Data.Finset.Piecewise:c.o (101ms)
✔ [1966/2460] Built Mathlib.Algebra.BigOperators.Group.Finset.Piecewise:c.o (88ms)
✔ [1967/2460] Built Mathlib.Algebra.GroupWithZero.Defs:c.o (127ms)
✔ [1968/2460] Built Mathlib.Algebra.GroupWithZero.NeZero:c.o (89ms)
✔ [1969/2460] Built Mathlib.Algebra.GroupWithZero.Basic:c.o (111ms)
✔ [1970/2460] Built Mathlib.Tactic.Nontriviality:c.o (84ms)
✔ [1971/2460] Built Mathlib.Order.CompleteBooleanAlgebra:c.o (1.4s)
✔ [1972/2460] Built Mathlib.Algebra.GroupWithZero.Units.Basic:c.o (144ms)
✔ [1973/2460] Built Mathlib.Algebra.Notation.Indicator:c.o (80ms)
✔ [1974/2460] Built Mathlib.Algebra.BigOperators.GroupWithZero.Finset:c.o (96ms)
✔ [1975/2460] Built Mathlib.Algebra.Group.Action.Defs:c.o (118ms)
✔ [1976/2460] Built Mathlib.Algebra.Group.Action.Faithful:c.o (87ms)
✔ [1977/2460] Built Mathlib.Algebra.Group.Action.Pi:c.o (103ms)
✔ [1978/2460] Built Mathlib.Algebra.GroupWithZero.Pi:c.o (133ms)
✔ [1979/2460] Built Mathlib.Algebra.GroupWithZero.Hom:c.o (136ms)
✔ [1980/2460] Built Mathlib.Algebra.GroupWithZero.Equiv:c.o (88ms)
✔ [1981/2460] Built Mathlib.Algebra.GroupWithZero.InjSurj:c.o (158ms)
✔ [1982/2460] Built Mathlib.Algebra.Group.IsCommutative:c.o (110ms)
✔ [1983/2460] Built Mathlib.Algebra.BigOperators.Group.Finset.Defs:c.o (745ms)
✔ [1984/2460] Built Mathlib.Data.Nat.Cast.Defs:c.o (158ms)
✔ [1985/2460] Built Mathlib.Data.Int.Cast.Defs:c.o (146ms)
✔ [1986/2460] Built Mathlib.Algebra.Ring.Basic:c.o (111ms)
✔ [1987/2460] Built Mathlib.Algebra.Ring.CompTypeclasses:c.o (97ms)
✔ [1988/2460] Built Mathlib.Tactic.Nontriviality.Core:c.o (493ms)
✔ [1989/2460] Built Mathlib.Algebra.Ring.Defs:c.o (267ms)
✔ [1990/2460] Built Mathlib.Util.AtomM:c.o (205ms)
✔ [1991/2460] Built Mathlib.Algebra.Ring.Hom.Defs:c.o (207ms)
✔ [1992/2460] Built Mathlib.Algebra.Ring.Equiv:c.o (216ms)
✔ [1993/2460] Built Mathlib.Algebra.Ring.Pi:c.o (199ms)
✔ [1994/2460] Built Mathlib.Data.List.FinRange:c.o (87ms)
✔ [1995/2460] Built Mathlib.Data.List.OfFn:c.o (102ms)
✔ [1996/2460] Built Mathlib.Data.FunLike.IsApply:c.o (100ms)
✔ [1997/2460] Built Mathlib.Data.Fintype.Basic:c.o (148ms)
✔ [1998/2460] Built Mathlib.Algebra.BigOperators.Pi:c.o (112ms)
✔ [1999/2460] Built Mathlib.Data.Multiset.Pi:c.o (114ms)
✔ [2000/2460] Built Mathlib.Logic.Function.DependsOn:c.o (87ms)
✔ [2001/2460] Built Mathlib.Data.Finset.Pi:c.o (95ms)
✔ [2002/2460] Built Mathlib.Data.Fintype.Card:c.o (91ms)
✔ [2003/2460] Built Mathlib.Data.List.Duplicate:c.o (114ms)
✔ [2004/2460] Built Mathlib.Data.List.NodupEquivFin:c.o (107ms)
✔ [2005/2460] Built Mathlib.Data.Fintype.EquivFin:c.o (102ms)
✔ [2006/2460] Built Mathlib.Algebra.BigOperators.Group.Finset.Pi:c.o (86ms)
✔ [2007/2460] Built Mathlib.Data.List.Sort:c.o (145ms)
✔ [2008/2460] Built Mathlib.Data.Set.Finite.Basic:c.o (134ms)
✔ [2009/2460] Built Mathlib.Data.Fintype.Pi:c.o (105ms)
✔ [2010/2460] Built Mathlib.Algebra.Group.Semiconj.Units:c.o (98ms)
✔ [2011/2460] Built Mathlib.Algebra.GroupWithZero.Semiconj:c.o (97ms)
✔ [2012/2460] Built Mathlib.Algebra.Group.Commute.Units:c.o (116ms)
✔ [2013/2460] Built Mathlib.Algebra.GroupWithZero.Commute:c.o (89ms)
✔ [2014/2460] Built Mathlib.Algebra.Divisibility.Units:c.o (92ms)
✔ [2015/2460] Built Mathlib.Algebra.GroupWithZero.Divisibility:c.o (103ms)
✔ [2016/2460] Built Mathlib.Algebra.Divisibility.Hom:c.o (78ms)
✔ [2017/2460] Built Mathlib.Algebra.Ring.Divisibility.Basic:c.o (94ms)
✔ [2018/2460] Built Mathlib.Algebra.Ring.Semiconj:c.o (99ms)
✔ [2019/2460] Built Mathlib.Data.Int.Cast.Basic:c.o (93ms)
✔ [2020/2460] Built Mathlib.Algebra.Ring.Units:c.o (108ms)
✔ [2021/2460] Built Mathlib.Data.Bracket:c.o (128ms)
✔ [2022/2460] Built Mathlib.Algebra.Ring.Commute:c.o (110ms)
✔ [2023/2460] Built Mathlib.Algebra.BigOperators.Ring.List:c.o (79ms)
✔ [2024/2460] Built Mathlib.Data.List.Zip:c.o (76ms)
✔ [2025/2460] Built Mathlib.Data.Multiset.Powerset:c.o (81ms)
✔ [2026/2460] Built Mathlib.Data.Multiset.Antidiagonal:c.o (85ms)
✔ [2027/2460] Built Mathlib.Data.List.Sublists:c.o (125ms)
✔ [2028/2460] Built Mathlib.Data.Multiset.Sections:c.o (80ms)
✔ [2029/2460] Built Mathlib.Algebra.BigOperators.Ring.Multiset:c.o (88ms)
✔ [2030/2460] Built Mathlib.Data.Finset.Max:c.o (93ms)
✔ [2031/2460] Built Mathlib.Data.Finset.Lattice.Union:c.o (84ms)
✔ [2032/2460] Built Mathlib.Data.Set.Lattice.Disjoint:c.o (87ms)
✔ [2033/2460] Built Mathlib.Data.Set.Pairwise.Lattice:c.o (84ms)
✔ [2034/2460] Built Mathlib.Data.Finset.Powerset:c.o (108ms)
✔ [2035/2460] Built Mathlib.Data.Fintype.Powerset:c.o (94ms)
✔ [2036/2460] Built Mathlib.Algebra.Ring.InjSurj:c.o (350ms)
✔ [2037/2460] Built Mathlib.Algebra.Group.TypeTags.Hom:c.o (126ms)
✔ [2038/2460] Built Mathlib.Algebra.CharZero.Defs:c.o (86ms)
✔ [2039/2460] Built Mathlib.Data.Int.Basic:c.o (82ms)
✔ [2040/2460] Built Mathlib.Algebra.Ring.Int.Defs:c.o (110ms)
✔ [2041/2460] Built Mathlib.Data.Nat.Sqrt:c.o (99ms)
✔ [2042/2460] Built Mathlib.Algebra.Group.Nat.Even:c.o (94ms)
✔ [2043/2460] Built Mathlib.Data.Int.Sqrt:c.o (97ms)
✔ [2044/2460] Built Mathlib.Algebra.Group.Int.Even:c.o (107ms)
✔ [2045/2460] Built Mathlib.Algebra.Group.Nat.Hom:c.o (98ms)
✔ [2046/2460] Built Mathlib.Algebra.GroupWithZero.Nat:c.o (92ms)
✔ [2047/2460] Built Mathlib.Algebra.Ring.Nat:c.o (91ms)
✔ [2048/2460] Built Mathlib.Data.Nat.Cast.Basic:c.o (106ms)
✔ [2049/2460] Built Mathlib.Data.Nat.Cast.Commute:c.o (82ms)
✔ [2050/2460] Built Mathlib.Algebra.Ring.Parity:c.o (105ms)
✔ [2051/2460] Built Mathlib.Data.Int.Cast.Lemmas:c.o (112ms)
✔ [2052/2460] Built Mathlib.Algebra.BigOperators.Ring.Finset:c.o (92ms)
✔ [2053/2460] Built Mathlib.Algebra.Group.Subsemigroup.Defs:c.o (130ms)
✔ [2054/2460] Built Mathlib.Algebra.Group.Submonoid.Defs:c.o (198ms)
✔ [2055/2460] Built Mathlib.Algebra.Group.Subsemigroup.Basic:c.o (125ms)
✔ [2056/2460] Built Mathlib.Algebra.Group.Submonoid.Basic:c.o (128ms)
✔ [2057/2460] Built Mathlib.Algebra.Group.Support:c.o (89ms)
✔ [2058/2460] Built Mathlib.Algebra.Group.Commute.Hom:c.o (83ms)
✔ [2059/2460] Built Mathlib.Data.Finset.NoncommProd:c.o (111ms)
✔ [2060/2460] Built Mathlib.Algebra.Group.Submonoid.BigOperators:c.o (88ms)
✔ [2061/2460] Built Mathlib.Algebra.Group.Pi.Torsion:c.o (78ms)
✔ [2062/2460] Built Mathlib.Algebra.Group.Indicator:c.o (83ms)
✔ [2063/2460] Built Mathlib.Algebra.FiniteSupport.Defs:c.o (80ms)
✔ [2064/2460] Built Mathlib.Data.List.Find:c.o (96ms)
✔ [2065/2460] Built Mathlib.Data.Multiset.Find:c.o (96ms)
✔ [2066/2460] Built Mathlib.Data.Finsupp.Defs:c.o (124ms)
✔ [2067/2460] Built Mathlib.Data.Finsupp.Single:c.o (83ms)
✔ [2068/2460] Built Mathlib.Algebra.Group.Finsupp:c.o (90ms)
✔ [2069/2460] Built Mathlib.Data.Finsupp.Ext:c.o (91ms)
✔ [2070/2460] Built Mathlib.Data.Finsupp.Indicator:c.o (74ms)
✔ [2071/2460] Built Mathlib.Algebra.BigOperators.Finsupp.Basic:c.o (125ms)
✔ [2072/2460] Built Mathlib.Algebra.GroupWithZero.Opposite:c.o (105ms)
✔ [2073/2460] Built Batteries.Classes.RatCast:c.o (81ms)
✔ [2074/2460] Built Mathlib.Algebra.Group.Subgroup.Defs:c.o (201ms)
✔ [2075/2460] Built Mathlib.Algebra.GroupWithZero.Action.Defs:c.o (170ms)
✔ [2076/2460] Built Mathlib.Algebra.Module.Defs:c.o (106ms)
✔ [2077/2460] Built Mathlib.Data.Rat.Init:c.o (145ms)
✔ [2078/2460] Built Mathlib.Algebra.Field.Defs:c.o (126ms)
✔ [2079/2460] Built Mathlib.Algebra.Group.Action.Opposite:c.o (236ms)
✔ [2080/2460] Built Mathlib.Algebra.Ring.Opposite:c.o (224ms)
✔ [2081/2460] Built Mathlib.Algebra.Field.Opposite:c.o (184ms)
✔ [2082/2460] Built Mathlib.Algebra.Group.Action.Units:c.o (136ms)
✔ [2083/2460] Built Mathlib.Algebra.Group.Invertible.Defs:c.o (134ms)
✔ [2084/2460] Built Mathlib.Algebra.GroupWithZero.Units.Lemmas:c.o (84ms)
✔ [2085/2460] Built Mathlib.Algebra.Ring.Aut:c.o (107ms)
✔ [2086/2460] Built Mathlib.Algebra.Order.Group.Unbundled.Basic:c.o (91ms)
✔ [2087/2460] Built Mathlib.Algebra.Group.Equiv.TypeTags:c.o (221ms)
✔ [2088/2460] Built Mathlib.Algebra.Group.Units.Equiv:c.o (221ms)
✔ [2089/2460] Built Mathlib.Algebra.Group.End:c.o (182ms)
✔ [2090/2460] Built Mathlib.Algebra.Star.Basic:c.o (176ms)
✔ [2091/2460] Built Mathlib.Algebra.Order.Group.OrderIso:c.o (102ms)
✔ [2092/2460] Built Mathlib.Algebra.Order.Group.Lattice:c.o (101ms)
✔ [2093/2460] Built Mathlib.Algebra.Order.Group.Unbundled.Int:c.o (90ms)
✔ [2094/2460] Built Mathlib.Algebra.Order.Group.Unbundled.Abs:c.o (177ms)
✔ [2095/2460] Built Mathlib.Algebra.Order.GroupWithZero.Defs:c.o (179ms)
✔ [2096/2460] Built Mathlib.Tactic.Bound.Init:c.o (103ms)
✔ [2097/2460] Built Mathlib.Algebra.Order.GroupWithZero.Basic:c.o (141ms)
✔ [2098/2460] Built Mathlib.Algebra.Order.Monoid.Unbundled.OrderDual:c.o (80ms)
✔ [2099/2460] Built Mathlib.Algebra.Order.Monoid.Unbundled.Pow:c.o (85ms)
✔ [2100/2460] Built Mathlib.Data.Nat.Cast.NeZero:c.o (74ms)
✔ [2101/2460] Built Mathlib.Data.Nat.Cast.Order.Basic:c.o (92ms)
✔ [2102/2460] Built Mathlib.Algebra.Order.Nonneg.Basic:c.o (162ms)
✔ [2103/2460] Built Mathlib.Data.Rat.Defs:c.o (116ms)
✔ [2104/2460] Built Mathlib.Algebra.Order.Ring.Unbundled.Rat:c.o (112ms)
✔ [2105/2460] Built Mathlib.Algebra.Ring.Rat:c.o (106ms)
✔ [2106/2460] Built Mathlib.Algebra.Ring.GrindInstances:c.o (110ms)
✔ [2107/2460] Built Mathlib.Data.NNRat.Defs:c.o (166ms)
✔ [2108/2460] Built Mathlib.Algebra.Group.Invertible.Basic:c.o (154ms)
✔ [2109/2460] Built Mathlib.Algebra.GroupWithZero.Invertible:c.o (101ms)
✔ [2110/2460] Built Mathlib.Algebra.Ring.Invertible:c.o (113ms)
✔ [2111/2460] Built Mathlib.Algebra.Field.Rat:c.o (125ms)
✔ [2112/2460] Built Mathlib.Algebra.Group.Semiconj.Basic:c.o (89ms)
✔ [2113/2460] Built Mathlib.Algebra.Group.Commute.Basic:c.o (88ms)
✔ [2114/2460] Built Mathlib.Algebra.Order.Group.Synonym:c.o (397ms)
✔ [2115/2460] Built Mathlib.Algebra.Order.Ring.Synonym:c.o (241ms)
✔ [2116/2460] Built Mathlib.Algebra.Field.Basic:c.o (243ms)
✔ [2117/2460] Built Mathlib.Algebra.Ring.Int.Parity:c.o (99ms)
✔ [2118/2460] Built Mathlib.Data.PNat.Notation:c.o (118ms)
✔ [2119/2460] Built Mathlib.Data.Rat.Lemmas:c.o (93ms)
✔ [2120/2460] Built Mathlib.Data.Rat.Cast.Defs:c.o (107ms)
✔ [2121/2460] Built Mathlib.Algebra.Star.Rat:c.o (83ms)
✔ [2122/2460] Built Mathlib.Data.PNat.Defs:c.o (194ms)
✔ [2123/2460] Built Mathlib.Algebra.Star.SelfAdjoint:c.o (215ms)
✔ [2124/2460] Built Mathlib.Tactic.ContinuousFunctionalCalculus:c.o (152ms)
✔ [2125/2460] Built Mathlib.Algebra.Star.BigOperators:c.o (82ms)
✔ [2126/2460] Built Mathlib.Algebra.GroupWithZero.Action.Units:c.o (97ms)
✔ [2127/2460] Built Mathlib.Algebra.GroupWithZero.Regular:c.o (93ms)
✔ [2128/2460] Built Mathlib.Algebra.Module.NatInt:c.o (123ms)
✔ [2129/2460] Built Mathlib.Algebra.GroupWithZero.Action.Opposite:c.o (99ms)
✔ [2130/2460] Built Mathlib.Algebra.Module.Opposite:c.o (84ms)
✔ [2131/2460] Built Mathlib.Tactic.TFAE:c.o (2.2s)
✔ [2132/2460] Built Mathlib.Algebra.Regular.Opposite:c.o (85ms)
✔ [2133/2460] Built Mathlib.Algebra.Regular.SMul:c.o (99ms)
✔ [2134/2460] Built Mathlib.Algebra.Module.Torsion.Free:c.o (85ms)
✔ [2135/2460] Built Mathlib.Algebra.Module.Basic:c.o (90ms)
✔ [2136/2460] Built Mathlib.Algebra.Group.Action.TypeTags:c.o (99ms)
✔ [2137/2460] Built Mathlib.Algebra.Group.Action.Pretransitive:c.o (79ms)
✔ [2138/2460] Built Mathlib.Algebra.Group.Action.Hom:c.o (152ms)
✔ [2139/2460] Built Mathlib.Algebra.GroupWithZero.Action.End:c.o (105ms)
✔ [2140/2460] Built Mathlib.Algebra.Module.RingHom:c.o (116ms)
✔ [2141/2460] Built Mathlib.Logic.Function.CompTypeclasses:c.o (82ms)
✔ [2142/2460] Built Mathlib.Algebra.Group.Hom.CompTypeclasses:c.o (79ms)
✔ [2143/2460] Built Mathlib.Algebra.Group.Action.Basic:c.o (135ms)
✔ [2144/2460] Built Mathlib.Algebra.Ring.Action.Basic:c.o (108ms)
✔ [2145/2460] Built Mathlib.Algebra.Module.LinearMap.Star:c.o (136ms)
✔ [2146/2460] Built Mathlib.Algebra.Group.Hom.End:c.o (102ms)
✔ [2147/2460] Built Mathlib.Algebra.Module.End:c.o (89ms)
✔ [2148/2460] Built Mathlib.Algebra.Module.Rat:c.o (95ms)
✔ [2149/2460] Built Mathlib.Algebra.Module.Equiv.Defs:c.o (294ms)
✔ [2150/2460] Built Mathlib.Algebra.Algebra.Defs:c.o (183ms)
✔ [2151/2460] Built Mathlib.Algebra.Group.Action.End:c.o (144ms)
✔ [2152/2460] Built Mathlib.Algebra.Group.Action.Prod:c.o (187ms)
✔ [2153/2460] Built Mathlib.Algebra.GroupWithZero.Prod:c.o (106ms)
✔ [2154/2460] Built Mathlib.Algebra.Group.WithOne.Defs:c.o (233ms)
✔ [2155/2460] Built Mathlib.Algebra.GroupWithZero.WithZero:c.o (225ms)
✔ [2156/2460] Built Mathlib.Algebra.GroupWithZero.Action.Basic:c.o (114ms)
✔ [2157/2460] Built Mathlib.Algebra.GroupWithZero.Action.Hom:c.o (116ms)
✔ [2158/2460] Built Mathlib.Algebra.Module.Hom:c.o (112ms)
✔ [2159/2460] Built Mathlib.Algebra.GroupWithZero.Action.Pi:c.o (122ms)
✔ [2160/2460] Built Mathlib.Algebra.Module.Pi:c.o (89ms)
✔ [2161/2460] Built Mathlib.Algebra.Module.Torsion.Pi:c.o (75ms)
✔ [2162/2460] Built Mathlib.Algebra.Module.LinearMap.Defs:c.o (490ms)
✔ [2163/2460] Built Mathlib.Algebra.Module.LinearMap.Basic:c.o (107ms)
✔ [2164/2460] Built Mathlib.Algebra.Group.Center:c.o (87ms)
✔ [2165/2460] Built Mathlib.Algebra.Module.Equiv.Opposite:c.o (100ms)
✔ [2166/2460] Built Mathlib.Algebra.Module.Prod:c.o (84ms)
✔ [2167/2460] Built Mathlib.GroupTheory.GroupAction.DomAct.Basic:c.o (316ms)
✔ [2168/2460] Built Mathlib.Algebra.Module.LinearMap.End:c.o (142ms)
✔ [2169/2460] Built Mathlib.Algebra.GroupWithZero.Action.Prod:c.o (120ms)
✔ [2170/2460] Built Mathlib.Algebra.Group.Submonoid.MulAction:c.o (118ms)
✔ [2171/2460] Built Mathlib.Algebra.Group.Subgroup.Lattice:c.o (140ms)
✔ [2172/2460] Built Mathlib.Algebra.Group.Subgroup.Map:c.o (123ms)
✔ [2173/2460] Built Mathlib.GroupTheory.GroupAction.Hom:c.o (696ms)
✔ [2174/2460] Built Mathlib.Algebra.Group.Submonoid.Operations:c.o (196ms)
✔ [2175/2460] Built Mathlib.Algebra.Group.Subgroup.Ker:c.o (122ms)
✔ [2176/2460] Built Mathlib.Algebra.Group.Pointwise.Set.Basic:c.o (116ms)
✔ [2177/2460] Built Mathlib.Algebra.Group.Submonoid.DistribMulAction:c.o (83ms)
✔ [2178/2460] Built Mathlib.Tactic.Bound.Attribute:c.o (1.5s)
✔ [2179/2460] Built Mathlib.Algebra.Module.Equiv.Basic:c.o (364ms)
✔ [2180/2460] Built Mathlib.Algebra.Group.Conj:c.o (142ms)
✔ [2181/2460] Built Mathlib.Algebra.Group.Subgroup.Basic:c.o (150ms)
✔ [2182/2460] Built Mathlib.GroupTheory.Subsemigroup.Center:c.o (115ms)
✔ [2183/2460] Built Mathlib.GroupTheory.Submonoid.Center:c.o (136ms)
✔ [2184/2460] Built Mathlib.GroupTheory.Subgroup.Center:c.o (110ms)
✔ [2185/2460] Built Mathlib.Algebra.Group.Subgroup.Actions:c.o (96ms)
✔ [2186/2460] Built Mathlib.Data.Setoid.Basic:c.o (128ms)
✔ [2187/2460] Built Mathlib.Algebra.Group.Pointwise.Set.Scalar:c.o (88ms)
✔ [2188/2460] Built Mathlib.GroupTheory.GroupAction.Defs:c.o (170ms)
✔ [2189/2460] Built Mathlib.GroupTheory.GroupAction.SubMulAction:c.o (211ms)
✔ [2190/2460] Built Mathlib.Algebra.Module.Submodule.Defs:c.o (170ms)
✔ [2191/2460] Built Mathlib.Algebra.Module.Submodule.Basic:c.o (93ms)
✔ [2192/2460] Built Mathlib.Algebra.Group.Idempotent:c.o (89ms)
✔ [2193/2460] Built Mathlib.Algebra.Group.Subsemigroup.MulOpposite:c.o (107ms)
✔ [2194/2460] Built Mathlib.Algebra.Group.Submonoid.MulOpposite:c.o (100ms)
✔ [2195/2460] Built Mathlib.Algebra.Group.PUnit:c.o (95ms)
✔ [2196/2460] Built Mathlib.Algebra.FreeMonoid.Basic:c.o (222ms)
✔ [2197/2460] Built Mathlib.Algebra.Group.Submonoid.Membership:c.o (141ms)
✔ [2198/2460] Built Mathlib.Algebra.Ring.PUnit:c.o (109ms)
✔ [2199/2460] Built Mathlib.Algebra.Module.PUnit:c.o (98ms)
✔ [2200/2460] Built Mathlib.Order.ConditionallyCompleteLattice.Defs:c.o (120ms)
✔ [2201/2460] Built Mathlib.Order.ConditionallyCompletePartialOrder.Defs:c.o (104ms)
✔ [2202/2460] Built Mathlib.Order.ConditionallyCompletePartialOrder.Basic:c.o (101ms)
✔ [2203/2460] Built Mathlib.Order.ConditionallyCompleteLattice.Basic:c.o (146ms)
✔ [2204/2460] Built Mathlib.Algebra.Module.Submodule.Lattice:c.o (132ms)
✔ [2205/2460] Built Mathlib.Algebra.Module.Submodule.LinearMap:c.o (110ms)
✔ [2206/2460] Built Mathlib.Algebra.Module.Submodule.Map:c.o (137ms)
✔ [2207/2460] Built Mathlib.Algebra.Module.Submodule.RestrictScalars:c.o (112ms)
✔ [2208/2460] Built Mathlib.Algebra.Module.Submodule.Ker:c.o (107ms)
✔ [2209/2460] Built Mathlib.Algebra.GroupWithZero.ULift:c.o (134ms)
✔ [2210/2460] Built Mathlib.Algebra.Ring.CharZero:c.o (98ms)
✔ [2211/2460] Built Mathlib.Order.Hom.CompleteLattice:c.o (217ms)
✔ [2212/2460] Built Mathlib.Algebra.Group.ULift:c.o (226ms)
✔ [2213/2460] Built Mathlib.Algebra.Ring.ULift:c.o (178ms)
✔ [2214/2460] Built Mathlib.Algebra.Module.ULift:c.o (145ms)
✔ [2215/2460] Built Mathlib.RingTheory.NonUnitalSubsemiring.Defs:c.o (109ms)
✔ [2216/2460] Built Mathlib.Algebra.Ring.Subsemiring.Defs:c.o (139ms)
✔ [2217/2460] Built Mathlib.RingTheory.NonUnitalSubring.Defs:c.o (115ms)
✔ [2218/2460] Built Mathlib.Algebra.Ring.Action.Subobjects:c.o (93ms)
✔ [2219/2460] Built Mathlib.Data.Nat.Cast.Prod:c.o (93ms)
✔ [2220/2460] Built Mathlib.Algebra.Ring.Subring.Defs:c.o (149ms)
✔ [2221/2460] Built Mathlib.Data.Int.Cast.Prod:c.o (101ms)
✔ [2222/2460] Built Mathlib.Algebra.Ring.Prod:c.o (179ms)
✔ [2223/2460] Built Mathlib.GroupTheory.Subsemigroup.Centralizer:c.o (105ms)
✔ [2224/2460] Built Mathlib.GroupTheory.Submonoid.Centralizer:c.o (92ms)
✔ [2225/2460] Built Mathlib.Algebra.Group.Subsemigroup.Membership:c.o (91ms)
✔ [2226/2460] Built Mathlib.Algebra.GroupWithZero.Center:c.o (83ms)
✔ [2227/2460] Built Mathlib.Algebra.Ring.Center:c.o (75ms)
✔ [2228/2460] Built Mathlib.Algebra.Ring.Centralizer:c.o (91ms)
✔ [2229/2460] Built Mathlib.Algebra.Ring.Submonoid.Basic:c.o (87ms)
✔ [2230/2460] Built Mathlib.Tactic.ApplyFun:c.o (935ms)
✔ [2231/2460] Built Mathlib.Algebra.Group.Subsemigroup.Operations:c.o (162ms)
✔ [2232/2460] Built Mathlib.Data.Set.Finite.Range:c.o (99ms)
✔ [2233/2460] Built Mathlib.RingTheory.NonUnitalSubsemiring.Basic:c.o (164ms)
✔ [2234/2460] Built Mathlib.RingTheory.NonUnitalSubring.Basic:c.o (138ms)
✔ [2235/2460] Built Mathlib.Data.Int.Cast.Field:c.o (95ms)
✔ [2236/2460] Built Mathlib.Data.Int.Cast.Pi:c.o (98ms)
✔ [2237/2460] Built Mathlib.Data.Int.CharZero:c.o (88ms)
✔ [2238/2460] Built Mathlib.Algebra.Ring.Hom.InjSurj:c.o (88ms)
✔ [2239/2460] Built Mathlib.Algebra.Ring.Subsemiring.Basic:c.o (209ms)
✔ [2240/2460] Built Mathlib.Algebra.Ring.Subring.Basic:c.o (171ms)
✔ [2241/2460] Built Mathlib.Algebra.Algebra.Basic:c.o (193ms)
✔ [2242/2460] Built Mathlib.Algebra.Ring.Action.Group:c.o (106ms)
✔ [2243/2460] Built Mathlib.Algebra.Algebra.Prod:c.o (127ms)
✔ [2244/2460] Built Mathlib.Algebra.Group.Graph:c.o (87ms)
✔ [2245/2460] Built Mathlib.Algebra.Group.Irreducible.Defs:c.o (93ms)
✔ [2246/2460] Built Mathlib.Algebra.Group.Irreducible.Lemmas:c.o (93ms)
✔ [2247/2460] Built Mathlib.Algebra.Prime.Defs:c.o (81ms)
✔ [2248/2460] Built Mathlib.Algebra.Algebra.Hom:c.o (203ms)
✔ [2249/2460] Built Mathlib.Algebra.Prime.Lemmas:c.o (90ms)
✔ [2250/2460] Built Mathlib.Algebra.GroupWithZero.Action.Regular:c.o (85ms)
✔ [2251/2460] Built Mathlib.Algebra.Module.Submodule.Range:c.o (113ms)
✔ [2252/2460] Built Mathlib.Algebra.Module.Submodule.Equiv:c.o (114ms)
✔ [2253/2460] Built Mathlib.Algebra.Group.Subgroup.MulOpposite:c.o (92ms)
✔ [2254/2460] Built Mathlib.Basic.Countable.Defs:c.o (91ms)
✔ [2255/2460] Built Mathlib.Data.PNat.Equiv:c.o (74ms)
✔ [2256/2460] Built Mathlib.Algebra.Algebra.Equiv:c.o (283ms)
✔ [2257/2460] Built Mathlib.Algebra.GroupWithZero.Associated:c.o (171ms)
✔ [2258/2460] Built Mathlib.Algebra.GroupWithZero.NonZeroDivisors:c.o (154ms)
✔ [2259/2460] Built Mathlib.Data.Nat.Bits:c.o (140ms)
✔ [2260/2460] Built Mathlib.Data.Nat.Pairing:c.o (118ms)
✔ [2261/2460] Built Mathlib.Logic.Equiv.Nat:c.o (93ms)
✔ [2262/2460] Built Mathlib.Algebra.Group.Subgroup.MulOppositeLemmas:c.o (98ms)
✔ [2263/2460] Built Mathlib.Algebra.Group.Subgroup.ZPowers.Basic:c.o (96ms)
✔ [2264/2460] Built Mathlib.Algebra.Group.Action.Pointwise.Set.Basic:c.o (89ms)
✔ [2265/2460] Built Mathlib.Algebra.Order.Monoid.Defs:c.o (90ms)
✔ [2266/2460] Built Mathlib.Algebra.Order.Monoid.Canonical.Defs:c.o (82ms)
✔ [2267/2460] Built Mathlib.Algebra.Order.BigOperators.Group.List:c.o (91ms)
✔ [2268/2460] Built Mathlib.Data.Prod.Lex:c.o (156ms)
✔ [2269/2460] Built Mathlib.Data.Sigma.Lex:c.o (98ms)
✔ [2270/2460] Built Mathlib.Lean.Expr.ExtraRecognizers:c.o (133ms)
✔ [2271/2460] Built Mathlib.Logic.Embedding.Set:c.o (98ms)
✔ [2272/2460] Built Mathlib.Order.RelIso.Set:c.o (92ms)
✔ [2273/2460] Built Mathlib.Order.Preorder.Chain:c.o (133ms)
✔ [2274/2460] Built Mathlib.Order.Antichain:c.o (105ms)
✔ [2275/2460] Built Mathlib.Logic.Encodable.Basic:c.o (290ms)
✔ [2276/2460] Built Mathlib.Data.Set.Notation:c.o (199ms)
✔ [2277/2460] Built Mathlib.Data.List.MinMax:c.o (122ms)
✔ [2278/2460] Built Mathlib.Data.Nat.Order.Lemmas:c.o (98ms)
✔ [2279/2460] Built Mathlib.Basic.Denumerable:c.o (145ms)
✔ [2280/2460] Built Mathlib.Data.Set.Finite.Powerset:c.o (111ms)
✔ [2281/2460] Built Mathlib.Data.Fintype.Option:c.o (110ms)
✔ [2282/2460] Built Mathlib.Data.Set.Finite.Lattice:c.o (89ms)
✔ [2283/2460] Built Mathlib.Order.ConditionallyCompletePartialOrder.Indexed:c.o (78ms)
✔ [2284/2460] Built Mathlib.Order.ConditionallyCompleteLattice.Indexed:c.o (89ms)
✔ [2285/2460] Built Mathlib.Algebra.Group.Embedding:c.o (90ms)
✔ [2286/2460] Built Mathlib.Data.Set.Order:c.o (82ms)
✔ [2287/2460] Built Mathlib.Order.Interval.Set.Image:c.o (81ms)
✔ [2288/2460] Built Mathlib.Order.ConditionallyCompleteLattice.Finset:c.o (128ms)
✔ [2289/2460] Built Mathlib.Order.Interval.Set.LinearOrder:c.o (88ms)
✔ [2290/2460] Built Mathlib.Order.Interval.Set.UnorderedInterval:c.o (110ms)
✔ [2291/2460] Built Mathlib.Order.Interval.Set.OrderEmbedding:c.o (86ms)
✔ [2292/2460] Built Mathlib.Order.Interval.Set.OrdConnected:c.o (93ms)
✔ [2293/2460] Built Mathlib.Order.Interval.Set.WithBotTop:c.o (93ms)
✔ [2294/2460] Built Mathlib.Order.Cover:c.o (96ms)
✔ [2295/2460] Built Mathlib.Data.Finset.Preimage:c.o (97ms)
✔ [2296/2460] Built Mathlib.Order.Preorder.Finite:c.o (91ms)
✔ [2297/2460] Built Mathlib.Order.Hom.WithTopBot:c.o (170ms)
✔ [2298/2460] Built Mathlib.Order.Minimal:c.o (109ms)
✔ [2299/2460] Built Mathlib.Order.Interval.Finset.Basic:c.o (99ms)
✔ [2300/2460] Built Mathlib.Order.Interval.Multiset:c.o (109ms)
✔ [2301/2460] Built Mathlib.Order.Interval.Finset.Nat:c.o (100ms)
✔ [2302/2460] Built Mathlib.Order.Lattice.Nat:c.o (95ms)
✔ [2303/2460] Built Mathlib.Order.OrderIsoNat:c.o (109ms)
✔ [2304/2460] Built Mathlib.Order.WellQuasiOrder:c.o (95ms)
✔ [2305/2460] Built Mathlib.Order.WellFoundedSet:c.o (94ms)
✔ [2306/2460] Built Mathlib.Algebra.Group.Submonoid.Pointwise:c.o (98ms)
✔ [2307/2460] Built Mathlib.Algebra.Group.Commutator:c.o (84ms)
✔ [2308/2460] Built Mathlib.GroupTheory.Subgroup.Centralizer:c.o (96ms)
✔ [2309/2460] Built Mathlib.GroupTheory.GroupAction.ConjAct:c.o (150ms)
✔ [2310/2460] Built Mathlib.Algebra.Group.Pointwise.Set.Lattice:c.o (101ms)
✔ [2311/2460] Built Mathlib.Algebra.Group.Subgroup.Pointwise:c.o (94ms)
✔ [2312/2460] Built Mathlib.Algebra.GroupWithZero.Pointwise.Set.Basic:c.o (78ms)
✔ [2313/2460] Built Mathlib.Algebra.GroupWithZero.Action.Pointwise.Set:c.o (81ms)
✔ [2314/2460] Built Mathlib.Algebra.GroupWithZero.Submonoid.Pointwise:c.o (90ms)
✔ [2315/2460] Built Mathlib.Algebra.GroupWithZero.Subgroup:c.o (91ms)
✔ [2316/2460] Built Mathlib.Algebra.Order.Group.Action:c.o (110ms)
✔ [2317/2460] Built Mathlib.Algebra.Module.Submodule.Pointwise:c.o (90ms)
✔ [2318/2460] Built Mathlib.Basic.Finite.Set:c.o (92ms)
✔ [2319/2460] Built Mathlib.Data.Finset.Order:c.o (86ms)
✔ [2320/2460] Built Mathlib.Data.Set.Lattice.Order:c.o (85ms)
✔ [2321/2460] Built Mathlib.LinearAlgebra.Span.Defs:c.o (116ms)
✔ [2322/2460] Built Mathlib.Data.Set.Monotone:c.o (86ms)
✔ [2323/2460] Built Mathlib.Order.ModularLattice:c.o (117ms)
✔ [2324/2460] Built Mathlib.Order.Iterate:c.o (102ms)
✔ [2325/2460] Built Mathlib.Order.Atoms:c.o (127ms)
✔ [2326/2460] Built Mathlib.Order.Interval.Set.OrderIso:c.o (88ms)
✔ [2327/2460] Built Mathlib.Data.Finset.Lattice.Prod:c.o (84ms)
✔ [2328/2460] Built Mathlib.Order.Interval.Finset.Defs:c.o (557ms)
✔ [2329/2460] Built Mathlib.Order.LatticeIntervals:c.o (172ms)
✔ [2330/2460] Built Mathlib.Order.SuccPred.Basic:c.o (150ms)
✔ [2331/2460] Built Mathlib.Order.Closure:c.o (133ms)
✔ [2332/2460] Built Mathlib.Order.SupClosed:c.o (101ms)
✔ [2333/2460] Built Mathlib.Order.CompleteLatticeIntervals:c.o (122ms)
✔ [2334/2460] Built Mathlib.Order.SupIndep:c.o (114ms)
✔ [2335/2460] Built Mathlib.Order.CompleteLattice.Chain:c.o (99ms)
✔ [2336/2460] Built Mathlib.Order.Zorn:c.o (100ms)
✔ [2337/2460] Built Mathlib.Order.CompactlyGenerated.Basic:c.o (91ms)
✔ [2338/2460] Built Mathlib.Control.Monad.Basic:c.o (86ms)
✔ [2339/2460] Built Mathlib.Order.Part:c.o (89ms)
✔ [2340/2460] Built Mathlib.Data.Part:c.o (161ms)
✔ [2341/2460] Built Mathlib.Order.ScottContinuity:c.o (87ms)
✔ [2342/2460] Built Mathlib.Dynamics.FixedPoints.Defs:c.o (96ms)
✔ [2343/2460] Built Mathlib.Order.BourbakiWitt:c.o (111ms)
✔ [2344/2460] Built Mathlib.Algebra.Module.Submodule.EqLocus:c.o (100ms)
✔ [2345/2460] Built Mathlib.Algebra.Module.Torsion.Field:c.o (94ms)
✔ [2346/2460] Built Mathlib.LinearAlgebra.Span.Basic:c.o (125ms)
✔ [2347/2460] Built Mathlib.Tactic.FinCases:c.o (366ms)
✔ [2348/2460] Built Mathlib.Order.OmegaCompletePartialOrder:c.o (205ms)
✔ [2349/2460] Built Mathlib.Algebra.Star.Module:c.o (108ms)
✔ [2350/2460] Built Mathlib.Algebra.Algebra.Opposite:c.o (152ms)
✔ [2351/2460] Built Mathlib.Algebra.Algebra.Pi:c.o (142ms)
✔ [2352/2460] Built Mathlib.Algebra.BigOperators.RingEquiv:c.o (107ms)
✔ [2353/2460] Built Mathlib.LinearAlgebra.Prod:c.o (230ms)
✔ [2354/2460] Built Mathlib.Algebra.Algebra.NonUnitalHom:c.o (252ms)
✔ [2355/2460] Built Mathlib.Algebra.Star.StarRingHom:c.o (184ms)
✔ [2356/2460] Built Mathlib.Data.Fintype.Prod:c.o (99ms)
✔ [2357/2460] Built Mathlib.Basic.Finite.Prod:c.o (112ms)
✔ [2358/2460] Built Mathlib.Algebra.Notation.FiniteSupport:c.o (92ms)
✔ [2359/2460] Built Mathlib.Algebra.Order.Monoid.NatCast:c.o (74ms)
✔ [2360/2460] Built Mathlib.Algebra.Order.Monoid.Unbundled.MinMax:c.o (83ms)
✔ [2361/2460] Built Mathlib.Algebra.Order.Ring.Unbundled.Basic:c.o (81ms)
✔ [2362/2460] Built Mathlib.Algebra.Order.Group.Defs:c.o (72ms)
✔ [2363/2460] Built Mathlib.Algebra.Order.Ring.Defs:c.o (85ms)
✔ [2364/2460] Built Mathlib.Algebra.Order.Group.Indicator:c.o (93ms)
✔ [2365/2460] Built Mathlib.Algebra.GroupWithZero.Indicator:c.o (76ms)
✔ [2366/2460] Built Mathlib.Algebra.FiniteSupport.Basic:c.o (94ms)
✔ [2367/2460] Built Mathlib.Algebra.Order.Group.Abs:c.o (81ms)
✔ [2368/2460] Built Mathlib.Algebra.Order.Hom.Basic:c.o (80ms)
✔ [2369/2460] Built Mathlib.Algebra.Order.Ring.Basic:c.o (85ms)
✔ [2370/2460] Built Mathlib.Algebra.Order.Group.Int:c.o (82ms)
✔ [2371/2460] Built Mathlib.Algebra.Order.Ring.Int:c.o (80ms)
✔ [2372/2460] Built Mathlib.Algebra.Ring.Int.Units:c.o (85ms)
✔ [2373/2460] Built Mathlib.Algebra.Star.StarAlgHom:c.o (433ms)
✔ [2374/2460] Built Mathlib.Data.Int.GCD:c.o (144ms)
✔ [2375/2460] Built Mathlib.Algebra.Order.Group.Nat:c.o (101ms)
✔ [2376/2460] Built Mathlib.Algebra.Group.WithOne.Map:c.o (84ms)
✔ [2377/2460] Built Mathlib.Algebra.Order.Monoid.WithTop:c.o (92ms)
✔ [2378/2460] Built Mathlib.Algebra.Regular.Basic:c.o (82ms)
✔ [2379/2460] Built Mathlib.Algebra.Order.AddGroupWithTop:c.o (117ms)
✔ [2380/2460] Built Mathlib.Algebra.Order.Monoid.Units:c.o (148ms)
✔ [2381/2460] Built Mathlib.Algebra.Order.Group.Units:c.o (88ms)
✔ [2382/2460] Built Mathlib.Algebra.Order.Monoid.OrderDual:c.o (78ms)
✔ [2383/2460] Built Mathlib.Algebra.Order.Monoid.TypeTags:c.o (90ms)
✔ [2384/2460] Built Mathlib.Algebra.Order.Ring.Nat:c.o (84ms)
✔ [2385/2460] Built Mathlib.Algebra.Order.Monoid.Unbundled.WithTop:c.o (199ms)
✔ [2386/2460] Built Mathlib.Algebra.Order.Monoid.Unbundled.TypeTags:c.o (207ms)
✔ [2387/2460] Built Mathlib.Algebra.Order.GroupWithZero.Canonical:c.o (196ms)
✔ [2388/2460] Built Mathlib.Algebra.Order.Sub.Basic:c.o (106ms)
✔ [2389/2460] Built Mathlib.Data.Nat.Cast.Order.Ring:c.o (84ms)
✔ [2390/2460] Built Mathlib.Algebra.Order.Ring.Abs:c.o (102ms)
✔ [2391/2460] Built Mathlib.Algebra.Order.Invertible:c.o (90ms)
✔ [2392/2460] Built Mathlib.Algebra.Order.Ring.Cast:c.o (84ms)
✔ [2393/2460] Built Mathlib.Tactic.HaveI:c.o (115ms)
✔ [2394/2460] Built Mathlib.Lean.Expr.Rat:c.o (107ms)
✔ [2395/2460] Built Mathlib.Algebra.Order.AbsoluteValue.Basic:c.o (158ms)
✔ [2396/2460] Built Mathlib.Algebra.Order.BigOperators.Group.Multiset:c.o (92ms)
✔ [2397/2460] Built Mathlib.Data.Multiset.OrderedMonoid:c.o (77ms)
✔ [2398/2460] Built Mathlib.Algebra.Order.BigOperators.Group.Finset:c.o (99ms)
✔ [2399/2460] Built Mathlib.Data.Rat.Cast.CharZero:c.o (96ms)
✔ [2400/2460] Built Mathlib.Util.Qq:c.o (204ms)
✔ [2401/2460] Built Mathlib.Algebra.Order.BigOperators.GroupWithZero.Finset:c.o (98ms)
✔ [2402/2460] Built Mathlib.Algebra.Order.BigOperators.GroupWithZero.List:c.o (79ms)
✔ [2403/2460] Built Mathlib.Algebra.Order.BigOperators.GroupWithZero.Multiset:c.o (79ms)
✔ [2404/2460] Built Mathlib.Algebra.Order.Ring.Canonical:c.o (105ms)
✔ [2405/2460] Built Mathlib.Algebra.Order.BigOperators.Ring.List:c.o (91ms)
✔ [2406/2460] Built Mathlib.Algebra.Order.BigOperators.Ring.Multiset:c.o (79ms)
✔ [2407/2460] Built Mathlib.Algebra.Order.Positive.Ring:c.o (143ms)
✔ [2408/2460] Built Mathlib.Data.PNat.Basic:c.o (135ms)
✔ [2409/2460] Built Mathlib.Tactic.Ring.PNat:c.o (99ms)
✔ [2410/2460] Built Mathlib.Tactic.TryThis:c.o (140ms)
✔ [2411/2460] Built Mathlib.Tactic.NormNum.Result:c.o (744ms)
✔ [2412/2460] Built Mathlib.Tactic.NormNum.Pow:c.o (711ms)
✔ [2413/2460] Built Mathlib.Util.AtomM.Recurse:c.o (289ms)
✔ [2414/2460] Built Mathlib.Tactic.Ring:c.o (119ms)
✔ [2415/2460] Built Mathlib.Tactic.NormNum.Inv:c.o (768ms)
✔ [2416/2460] Built Mathlib.Algebra.BigOperators.GroupWithZero.Action:c.o (101ms)
✔ [2417/2460] Built Mathlib.Algebra.BigOperators.Option:c.o (100ms)
✔ [2418/2460] Built Mathlib.Algebra.BigOperators.Finprod:c.o (238ms)
✔ [2419/2460] Built Mathlib.Data.Fintype.Sigma:c.o (115ms)
✔ [2420/2460] Built Mathlib.Data.Fintype.Sum:c.o (125ms)
✔ [2421/2460] Built Mathlib.Data.Vector.Defs:c.o (191ms)
✔ [2422/2460] Built Mathlib.Control.Applicative:c.o (166ms)
✔ [2423/2460] Built Mathlib.Control.Traversable.Basic:c.o (156ms)
✔ [2424/2460] Built Mathlib.Algebra.Order.BigOperators.Ring.Finset:c.o (611ms)
✔ [2425/2460] Built Mathlib.Data.Fintype.Vector:c.o (108ms)
✔ [2426/2460] Built Mathlib.Data.Vector.Basic:c.o (236ms)
✔ [2427/2460] Built Mathlib.Data.Sym.Basic:c.o (201ms)
✔ [2428/2460] Built Mathlib.Data.Fintype.BigOperators:c.o (107ms)
✔ [2429/2460] Built Mathlib.GroupTheory.DedekindFinite:c.o (81ms)
✔ [2430/2460] Built Mathlib.Tactic.NormNum.Core:c.o (1.6s)
✔ [2431/2460] Built Mathlib.Tactic.Ring.Basic:c.o (1.3s)
✔ [2432/2460] Built Mathlib.LinearAlgebra.Matrix.Defs:c.o (241ms)
✔ [2433/2460] Built Mathlib.Data.Matrix.Diagonal:c.o (121ms)
✔ [2434/2460] Built Mathlib.Data.Matrix.Mul:c.o (240ms)
✔ [2435/2460] Built Mathlib.Logic.Equiv.Fin.Basic:c.o (227ms)
✔ [2436/2460] Built Mathlib.Data.Matrix.Basis:c.o (115ms)
✔ [2437/2460] Built Mathlib.Tactic.Ring.RingNF:c.o (1.3s)
✔ [2438/2460] Built Mathlib.LinearAlgebra.Pi:c.o (225ms)
✔ [2439/2460] Built Mathlib.Data.Matrix.Basic:c.o (284ms)
✔ [2440/2460] Built Mathlib.LinearAlgebra.Matrix.ConjTranspose:c.o (166ms)
✔ [2441/2460] Built Mathlib.LinearAlgebra.Matrix.RowCol:c.o (119ms)
✔ [2442/2460] Built Mathlib.Data.Finset.Fin:c.o (93ms)
✔ [2443/2460] Built Mathlib.Order.Interval.Set.Fin:c.o (99ms)
✔ [2444/2460] Built Mathlib.Order.Interval.Finset.Fin:c.o (113ms)
✔ [2445/2460] Built Mathlib.Data.Fintype.Fin:c.o (111ms)
✔ [2446/2460] Built Mathlib.Tactic.NormNum.Basic:c.o (1.0s)
✔ [2447/2460] Built Mathlib.Algebra.BigOperators.Fin:c.o (186ms)
✔ [2448/2460] Built CanonicalRoots.DecimalCodec:c.o (116ms)
✔ [2449/2460] Built CanonicalRoots.JsonCodecBasic:c.o (135ms)
✔ [2450/2460] Built Main:c.o (121ms)
✔ [2451/2460] Built CanonicalRoots.CandidateData:c.o (291ms)
✔ [2452/2460] Built CanonicalRoots.EquationJsonFields:c.o (112ms)
✔ [2453/2460] Built CanonicalRoots.EquationJsonCodec:c.o (162ms)
✔ [2454/2460] Built CanonicalRoots.Classifier:c.o (125ms)
✔ [2455/2460] Built Mathlib.LinearAlgebra.Matrix.Notation:c.o (478ms)
✔ [2456/2460] Built CanonicalRoots.CoxData:c.o (391ms)
✔ [2457/2460] Built CanonicalRoots.Payload:c.o (507ms)
✔ [2458/2460] Built Mathlib.Tactic.Positivity.Core:c.o (2.9s)
✔ [2459/2460] Built Mathlib.Tactic.Ring.Common:c.o (2.9s)
✔ [2460/2460] Built canonical_roots:exe (1.2s)
Build completed successfully (2460 jobs).
