'CanonicalRoots.InvertiblePolynomial' depends on axioms: [propext, Classical.choice, Quot.sound]
'CanonicalRoots.InvertiblePolynomial.exponentMatrix' depends on axioms: [propext, Classical.choice, Quot.sound]
'CanonicalRoots.InvertiblePolynomial.IsPrincipal' depends on axioms: [propext, Classical.choice, Quot.sound]
'CanonicalRoots.InvertiblePolynomial.exponent_injective' depends on axioms: [propext, Classical.choice, Quot.sound]
'CanonicalRoots.InvertiblePolynomial.coeff_exponent' depends on axioms: [propext, Classical.choice, Quot.sound]
'CanonicalRoots.InvertiblePolynomial.degree_equations' depends on axioms: [propext, Classical.choice, Quot.sound]
'CanonicalRoots.InvertiblePolynomial.exists_exponent_of_coeff_ne_zero' depends on axioms: [propext,
 Classical.choice,
 Quot.sound]
'CanonicalRoots.exponent_torus_surjective' depends on axioms: [propext, Classical.choice, Quot.sound]
'CanonicalRoots.diagonalPolynomialMap' depends on axioms: [propext, Classical.choice, Quot.sound]
'CanonicalRoots.diagonalPolynomialMap_monomial' depends on axioms: [propext, Classical.choice, Quot.sound]
'CanonicalRoots.diagonalPolynomialEquiv' depends on axioms: [propext, Classical.choice, Quot.sound]
'CanonicalRoots.diagonalPolynomialMap_homogeneous' depends on axioms: [propext, Classical.choice, Quot.sound]
'CanonicalRoots.presentedGradedDiagonal' depends on axioms: [propext, Classical.choice, Quot.sound]
'CanonicalRoots.axisSupportExponent_main' depends on axioms: [propext, Classical.choice, Quot.sound]
'CanonicalRoots.axisSupportExponent_other_le_one' depends on axioms: [propext, Classical.choice, Quot.sound]
'CanonicalRoots.axisSupportExponent_injective' depends on axioms: [propext, Classical.choice, Quot.sound]
'CanonicalRoots.InvertiblePolynomial.ternary_support' depends on axioms: [propext, Classical.choice, Quot.sound]
'CanonicalRoots.axisKind_exponent' depends on axioms: [propext, Classical.choice, Quot.sound]
'CanonicalRoots.InvertiblePolynomial.ternary_cox_matrix' depends on axioms: [propext, Classical.choice, Quot.sound]
'CanonicalRoots.InvertiblePolynomial.ternary_principal_candidate' depends on axioms: [propext,
 Classical.choice,
 Quot.sound]
'CanonicalRoots.InvertiblePolynomial.normalize_coefficients' depends on axioms: [propext, Classical.choice, Quot.sound]
'CanonicalRoots.principal_ternary_invertible_realization' depends on axioms: [propext, Classical.choice, Quot.sound]
'CanonicalRoots.candidateInvertiblePolynomial' depends on axioms: [propext, Classical.choice, Quot.sound]
'CanonicalRoots.candidateInvertiblePolynomial_principal' depends on axioms: [propext, Classical.choice, Quot.sound]
'CanonicalRoots.fermatInvertiblePolynomial' depends on axioms: [propext, Classical.choice, Quot.sound]
'CanonicalRoots.fermatInvertiblePolynomial_determinant' depends on axioms: [propext, Classical.choice, Quot.sound]
'CanonicalRoots.canonical_root_invertible_presentation' depends on axioms: [propext, Classical.choice, Quot.sound]
'CanonicalRoots.Target.higher_root_index_maximal' depends on axioms: [propext, Classical.choice, Quot.sound]
'CanonicalRoots.HigherRootRigidity' depends on axioms: [propext, Classical.choice, Quot.sound]
'CanonicalRoots.higher_canonical_root_rigidity' depends on axioms: [propext, Classical.choice, Quot.sound]
'CanonicalRoots.ternary_signature_unique' depends on axioms: [propext, Classical.choice, Quot.sound]
'CanonicalRoots.theorem_1_4' depends on axioms: [propext, Classical.choice, Quot.sound]
